Archive member included because of file (symbol)

./mbed/TARGET_LPC1768/TOOLCHAIN_GCC_ARM/libmbed.a(gpio_irq_api.o)
                              QEI/QEI.o (gpio_irq_set)
./mbed/TARGET_LPC1768/TOOLCHAIN_GCC_ARM/libmbed.a(port_api.o)
                              RPCInterface/mbed-rpc/parse_pins.o (port_pin)
./mbed/TARGET_LPC1768/TOOLCHAIN_GCC_ARM/libmbed.a(serial_api.o)
                              RPCInterface/SerialRPCInterface.o (serial_irq_set)
./mbed/TARGET_LPC1768/TOOLCHAIN_GCC_ARM/libmbed.a(FilePath.o)
                              mbed/TARGET_LPC1768/TOOLCHAIN_GCC_ARM/retarget.o (mbed::FilePath::FilePath(char const*))
./mbed/TARGET_LPC1768/TOOLCHAIN_GCC_ARM/libmbed.a(I2C.o)
                              main.o (mbed::I2C::I2C(PinName, PinName))
./mbed/TARGET_LPC1768/TOOLCHAIN_GCC_ARM/libmbed.a(FileSystemLike.o)
                              mbed/TARGET_LPC1768/TOOLCHAIN_GCC_ARM/retarget.o (mbed::FileSystemLike::opendir())
./mbed/TARGET_LPC1768/TOOLCHAIN_GCC_ARM/libmbed.a(InterruptIn.o)
                              main.o (mbed::InterruptIn::~InterruptIn())
./mbed/TARGET_LPC1768/TOOLCHAIN_GCC_ARM/libmbed.a(Serial.o)
                              RPCInterface/SerialRPCInterface.o (mbed::Serial::Serial(PinName, PinName, char const*))
./mbed/TARGET_LPC1768/TOOLCHAIN_GCC_ARM/libmbed.a(SerialBase.o)
                              ./mbed/TARGET_LPC1768/TOOLCHAIN_GCC_ARM/libmbed.a(Serial.o) (mbed::SerialBase::SerialBase(PinName, PinName))
./mbed/TARGET_LPC1768/TOOLCHAIN_GCC_ARM/libmbed.a(Stream.o)
                              ./mbed/TARGET_LPC1768/TOOLCHAIN_GCC_ARM/libmbed.a(Serial.o) (mbed::Stream::close())
./mbed/TARGET_LPC1768/TOOLCHAIN_GCC_ARM/libmbed.a(assert.o)
                              mbed/TARGET_LPC1768/TOOLCHAIN_GCC_ARM/board.o (mbed_assert_internal)
./mbed/TARGET_LPC1768/TOOLCHAIN_GCC_ARM/libmbed.a(error.o)
                              mbed/TARGET_LPC1768/TOOLCHAIN_GCC_ARM/retarget.o (error)
./mbed/TARGET_LPC1768/TOOLCHAIN_GCC_ARM/libmbed.a(gpio.o)
                              ./mbed/TARGET_LPC1768/TOOLCHAIN_GCC_ARM/libmbed.a(serial_api.o) (gpio_init_in)
./mbed/TARGET_LPC1768/TOOLCHAIN_GCC_ARM/libmbed.a(mbed_interface.o)
                              mbed/TARGET_LPC1768/TOOLCHAIN_GCC_ARM/retarget.o (mbed_interface_connected)
./mbed/TARGET_LPC1768/TOOLCHAIN_GCC_ARM/libmbed.a(pinmap_common.o)
                              ./mbed/TARGET_LPC1768/TOOLCHAIN_GCC_ARM/libmbed.a(serial_api.o) (pinmap_pinout)
./mbed/TARGET_LPC1768/TOOLCHAIN_GCC_ARM/libmbed.a(semihost_api.o)
                              mbed/TARGET_LPC1768/TOOLCHAIN_GCC_ARM/retarget.o (semihost_exit)
./mbed/TARGET_LPC1768/TOOLCHAIN_GCC_ARM/libmbed.a(wait_api.o)
                              ./mbed/TARGET_LPC1768/TOOLCHAIN_GCC_ARM/libmbed.a(SerialBase.o) (wait_us)
./mbed/TARGET_LPC1768/TOOLCHAIN_GCC_ARM/libmbed.a(gpio_api.o)
                              ./mbed/TARGET_LPC1768/TOOLCHAIN_GCC_ARM/libmbed.a(port_api.o) (gpio_set)
./mbed/TARGET_LPC1768/TOOLCHAIN_GCC_ARM/libmbed.a(pinmap.o)
                              ./mbed/TARGET_LPC1768/TOOLCHAIN_GCC_ARM/libmbed.a(pinmap_common.o) (pin_function)
./mbed/TARGET_LPC1768/TOOLCHAIN_GCC_ARM/libmbed.a(i2c_api.o)
                              ./mbed/TARGET_LPC1768/TOOLCHAIN_GCC_ARM/libmbed.a(I2C.o) (i2c_init)
./mbed/TARGET_LPC1768/TOOLCHAIN_GCC_ARM/libmbed.a(us_ticker.o)
                              ./mbed/TARGET_LPC1768/TOOLCHAIN_GCC_ARM/libmbed.a(wait_api.o) (us_ticker_read)
./mbed/TARGET_LPC1768/TOOLCHAIN_GCC_ARM/libmbed.a(FileLike.o)
                              ./mbed/TARGET_LPC1768/TOOLCHAIN_GCC_ARM/libmbed.a(Stream.o) (mbed::FileLike::FileLike(char const*))
./mbed/TARGET_LPC1768/TOOLCHAIN_GCC_ARM/libmbed.a(FileBase.o)
                              ./mbed/TARGET_LPC1768/TOOLCHAIN_GCC_ARM/libmbed.a(FileSystemLike.o) (mbed::FileBase::~FileBase())
./mbed/TARGET_LPC1768/TOOLCHAIN_GCC_ARM/libmbed.a(us_ticker_api.o)
                              ./mbed/TARGET_LPC1768/TOOLCHAIN_GCC_ARM/libmbed.a(us_ticker.o) (us_ticker_irq_handler)
./mbed/TARGET_LPC1768/TOOLCHAIN_GCC_ARM/libmbed.a(ticker_api.o)
                              ./mbed/TARGET_LPC1768/TOOLCHAIN_GCC_ARM/libmbed.a(us_ticker_api.o) (ticker_irq_handler)
/usr/bin/../lib/gcc/arm-none-eabi/4.9.3/../../../../arm-none-eabi/lib/armv7-m/libstdc++_nano.a(del_op.o)
                              main.o (operator delete(void*))
/usr/bin/../lib/gcc/arm-none-eabi/4.9.3/../../../../arm-none-eabi/lib/armv7-m/libstdc++_nano.a(new_op.o)
                              ./mbed/TARGET_LPC1768/TOOLCHAIN_GCC_ARM/libmbed.a(FileSystemLike.o) (operator new(unsigned int))
/usr/bin/../lib/gcc/arm-none-eabi/4.9.3/../../../../arm-none-eabi/lib/armv7-m/libstdc++_nano.a(del_opv.o)
                              RPCInterface/mbed-rpc/rpc.o (operator delete[](void*))
/usr/bin/../lib/gcc/arm-none-eabi/4.9.3/../../../../arm-none-eabi/lib/armv7-m/libstdc++_nano.a(atexit_arm.o)
                              main.o (__aeabi_atexit)
[...]
Memory Configuration

Name             Origin             Length             Attributes
FLASH            0x0000000000000000 0x0000000000080000 xr
RAM              0x00000000100000c8 0x0000000000007f38 xrw
USB_RAM          0x000000002007c000 0x0000000000004000 xrw
ETH_RAM          0x0000000020080000 0x0000000000004000 xrw
*default*        0x0000000000000000 0xffffffffffffffff

Linker script and memory map

LOAD /usr/bin/../lib/gcc/arm-none-eabi/4.9.3/armv7-m/crti.o
LOAD /usr/bin/../lib/gcc/arm-none-eabi/4.9.3/armv7-m/crtbegin.o
LOAD /usr/bin/../lib/gcc/arm-none-eabi/4.9.3/../../../../arm-none-eabi/lib/armv7-m/crt0.o
LOAD main.o
LOAD QEI/QEI.o
LOAD RPCInterface/SerialRPCInterface.o
LOAD RPCInterface/mbed-rpc/Arguments.o
LOAD RPCInterface/mbed-rpc/RPCFunction.o
LOAD RPCInterface/mbed-rpc/parse_pins.o
LOAD RPCInterface/mbed-rpc/rpc.o
LOAD mbed/TARGET_LPC1768/TOOLCHAIN_GCC_ARM/board.o
LOAD mbed/TARGET_LPC1768/TOOLCHAIN_GCC_ARM/cmsis_nvic.o
LOAD mbed/TARGET_LPC1768/TOOLCHAIN_GCC_ARM/retarget.o
LOAD mbed/TARGET_LPC1768/TOOLCHAIN_GCC_ARM/startup_LPC17xx.o
LOAD mbed/TARGET_LPC1768/TOOLCHAIN_GCC_ARM/system_LPC17xx.o
LOAD ./mbed/TARGET_LPC1768/TOOLCHAIN_GCC_ARM/libmbed.a
LOAD /usr/bin/../lib/gcc/arm-none-eabi/4.9.3/../../../../arm-none-eabi/lib/armv7-m/libstdc++_nano.a
LOAD /usr/bin/../lib/gcc/arm-none-eabi/4.9.3/../../../../arm-none-eabi/lib/armv7-m/libsupc++_nano.a
LOAD /usr/bin/../lib/gcc/arm-none-eabi/4.9.3/../../../../arm-none-eabi/lib/armv7-m/libm.a
LOAD /usr/bin/../lib/gcc/arm-none-eabi/4.9.3/../../../../arm-none-eabi/lib/armv7-m/libc_nano.a
LOAD /usr/bin/../lib/gcc/arm-none-eabi/4.9.3/armv7-m/libgcc.a
LOAD /usr/bin/../lib/gcc/arm-none-eabi/4.9.3/../../../../arm-none-eabi/lib/armv7-m/libnosys.a
LOAD ./mbed/TARGET_LPC1768/TOOLCHAIN_GCC_ARM/libmbed.a
LOAD /usr/bin/../lib/gcc/arm-none-eabi/4.9.3/../../../../arm-none-eabi/lib/armv7-m/libstdc++_nano.a
LOAD /usr/bin/../lib/gcc/arm-none-eabi/4.9.3/../../../../arm-none-eabi/lib/armv7-m/libsupc++_nano.a
LOAD /usr/bin/../lib/gcc/arm-none-eabi/4.9.3/../../../../arm-none-eabi/lib/armv7-m/libm.a
LOAD /usr/bin/../lib/gcc/arm-none-eabi/4.9.3/../../../../arm-none-eabi/lib/armv7-m/libc_nano.a
LOAD /usr/bin/../lib/gcc/arm-none-eabi/4.9.3/armv7-m/libgcc.a
LOAD /usr/bin/../lib/gcc/arm-none-eabi/4.9.3/../../../../arm-none-eabi/lib/armv7-m/libnosys.a
START GROUP
LOAD /usr/bin/../lib/gcc/arm-none-eabi/4.9.3/armv7-m/libgcc.a
LOAD /usr/bin/../lib/gcc/arm-none-eabi/4.9.3/../../../../arm-none-eabi/lib/armv7-m/libc_nano.a
END GROUP
START GROUP
LOAD /usr/bin/../lib/gcc/arm-none-eabi/4.9.3/armv7-m/libgcc.a
LOAD /usr/bin/../lib/gcc/arm-none-eabi/4.9.3/../../../../arm-none-eabi/lib/armv7-m/libc_nano.a
END GROUP
LOAD /usr/bin/../lib/gcc/arm-none-eabi/4.9.3/armv7-m/crtend.o
LOAD /usr/bin/../lib/gcc/arm-none-eabi/4.9.3/armv7-m/crtn.o

.text           0x0000000000000000     0xb3a0
 *(.isr_vector)
 .isr_vector    0x0000000000000000       0xcc mbed/TARGET_LPC1768/TOOLCHAIN_GCC_ARM/startup_LPC17xx.o
                0x0000000000000000                __isr_vector
 *(.text*)
 .text          0x00000000000000cc       0x5c /usr/bin/../lib/gcc/arm-none-eabi/4.9.3/armv7-m/crtbegin.o
 .text          0x0000000000000128       0x74 /usr/bin/../lib/gcc/arm-none-eabi/4.9.3/../../../../arm-none-eabi/lib/armv7-m/crt0.o
                0x0000000000000128                _mainCRTStartup
                0x0000000000000128                _start
 .text._ZN4mbed10SerialBaseD2Ev
                0x000000000000019c        0x2 main.o
                0x000000000000019c                mbed::SerialBase::~SerialBase()
                0x000000000000019c                mbed::SerialBase::~SerialBase()
 *fill*         0x000000000000019e        0x2 
 .text._ZN4mbed11RPCVariableIiE15get_rpc_methodsEv
                0x00000000000001a0        0x8 main.o
                0x00000000000001a0                mbed::RPCVariable<int>::get_rpc_methods()
 .text._ZN4mbed11RPCVariableIfE15get_rpc_methodsEv
                0x00000000000001a8        0x8 main.o
                0x00000000000001a8                mbed::RPCVariable<float>::get_rpc_methods()
 .text._ZN4mbed11RPCVariableIiED2Ev
                0x00000000000001b0       0x14 main.o
                0x00000000000001b0                mbed::RPCVariable<int>::~RPCVariable()
                0x00000000000001b0                mbed::RPCVariable<int>::~RPCVariable()
 .text._ZN4mbed11RPCVariableIfED2Ev
                0x00000000000001c4       0x14 main.o
                0x00000000000001c4                mbed::RPCVariable<float>::~RPCVariable()
                0x00000000000001c4                mbed::RPCVariable<float>::~RPCVariable()
 .text._ZN4mbed11RPCVariableIiED0Ev
                0x00000000000001d8       0x12 main.o
                0x00000000000001d8                mbed::RPCVariable<int>::~RPCVariable()
 .text._ZN4mbed11RPCVariableIfED0Ev
                0x00000000000001ea       0x12 main.o
                0x00000000000001ea                mbed::RPCVariable<float>::~RPCVariable()
 .text._ZN4mbed10SerialBaseD0Ev
                0x00000000000001fc        0xc main.o
                0x00000000000001fc                mbed::SerialBase::~SerialBase()
 .text._ZN4mbed17rpc_method_callerINS_11RPCVariableIiEEiXadL_ZNS2_5writeEiEEEEvPNS_3RPCEPNS_9ArgumentsEPNS_5ReplyE
                0x0000000000000208       0x10 main.o
                0x0000000000000208                void mbed::rpc_method_caller<mbed::RPCVariable<int>, int, &mbed::RPCVariable<int>::write>(mbed::RPC*, mbed::Arguments*, mbed::Reply*)
 .text._ZN4mbed17rpc_method_callerIiNS_11RPCVariableIiEEXadL_ZNS2_4readEvEEEEvPNS_3RPCEPNS_9ArgumentsEPNS_5ReplyE
                0x0000000000000218        0xa main.o
                0x0000000000000218                void mbed::rpc_method_caller<int, mbed::RPCVariable<int>, &mbed::RPCVariable<int>::read>(mbed::RPC*, mbed::Arguments*, mbed::Reply*)
 .text._ZN4mbed17rpc_method_callerINS_11RPCVariableIfEEfXadL_ZNS2_5writeEfEEEEvPNS_3RPCEPNS_9ArgumentsEPNS_5ReplyE
                0x0000000000000222       0x10 main.o
                0x0000000000000222                void mbed::rpc_method_caller<mbed::RPCVariable<float>, float, &mbed::RPCVariable<float>::write>(mbed::RPC*, mbed::Arguments*, mbed::Reply*)
 .text._ZN4mbed17rpc_method_callerIfNS_11RPCVariableIfEEXadL_ZNS2_4readEvEEEEvPNS_3RPCEPNS_9ArgumentsEPNS_5ReplyE
                0x0000000000000232        0xa main.o
                0x0000000000000232                void mbed::rpc_method_caller<float, mbed::RPCVariable<float>, &mbed::RPCVariable<float>::read>(mbed::RPC*, mbed::Arguments*, mbed::Reply*)
 .text._ZN7MPU60508readByteEhh.isra.1.constprop.13
                0x000000000000023c       0x38 main.o
 .text._ZN7MPU60509writeByteEhhh.isra.0.constprop.15
                0x0000000000000274       0x24 main.o
 .text._ZN7MPU60509readBytesEhhhPh.isra.2.constprop.18
                0x0000000000000298       0x44 main.o
 .text._ZN4mbed10DigitalOutC2E7PinName
                0x00000000000002dc       0x1a main.o
                0x00000000000002dc                mbed::DigitalOut::DigitalOut(PinName)
                0x00000000000002dc                mbed::DigitalOut::DigitalOut(PinName)
 *fill*         0x00000000000002f6        0x2 
 .text._ZN7MPU605011initMPU6050Ev
                0x00000000000002f8       0xa0 main.o
                0x00000000000002f8                MPU6050::initMPU6050()
 .text._ZN7MPU605016calibrateMPU6050EPfS0_
                0x0000000000000398      0x27c main.o
                0x0000000000000398                MPU6050::calibrateMPU6050(float*, float*)
 *fill*         0x0000000000000614        0x4 
 .text._ZN7MPU605015MPU6050SelfTestEPf
                0x0000000000000618      0x210 main.o
                0x0000000000000618                MPU6050::MPU6050SelfTest(float*)
 .text.startup.main
                0x0000000000000828      0x2f0 main.o
                0x0000000000000828                main
 .text._ZN4mbed6SerialD2Ev
                0x0000000000000b18       0x24 main.o
                0x0000000000000b18                mbed::Serial::~Serial()
                0x0000000000000b18                mbed::Serial::~Serial()
 .text._ZN4mbed6SerialD1Ev
                0x0000000000000b3c       0x10 main.o
                0x0000000000000b3c                non-virtual thunk to mbed::Serial::~Serial()
                0x0000000000000b44                non-virtual thunk to mbed::Serial::~Serial()
 .text._ZN4mbed18SerialRPCInterfaceD2Ev
                0x0000000000000b4c        0xc main.o
                0x0000000000000b4c                mbed::SerialRPCInterface::~SerialRPCInterface()
                0x0000000000000b4c                mbed::SerialRPCInterface::~SerialRPCInterface()
 .text._ZN4mbed6SerialD0Ev
                0x0000000000000b58       0x1e main.o
                0x0000000000000b58                mbed::Serial::~Serial()
                0x0000000000000b6a                non-virtual thunk to mbed::Serial::~Serial()
                0x0000000000000b70                non-virtual thunk to mbed::Serial::~Serial()
 *fill*         0x0000000000000b76        0x2 
 .text.startup._GLOBAL__sub_I_Gscale
                0x0000000000000b78      0x298 main.o
 .text._ZN3QEID2Ev
                0x0000000000000e10       0x1c main.o
                0x0000000000000e10                QEI::~QEI()
                0x0000000000000e10                QEI::~QEI()
 .text._ZN4mbed9rpc_superINS_3RPCEEEPKNS_10rpc_methodEPS1_
                0x0000000000000e2c        0x4 main.o
                0x0000000000000e2c                mbed::rpc_method const* mbed::rpc_super<mbed::RPC>(mbed::RPC*)
 .text._ZN3QEI5indexEv
                0x0000000000000e30        0xc QEI/QEI.o
                0x0000000000000e30                QEI::index()
 .text._ZN4mbed19FunctionPointerArg1IvvE12membercallerI3QEIEEvPvPj
                0x0000000000000e3c       0x18 QEI/QEI.o
                0x0000000000000e3c                void mbed::FunctionPointerArg1<void, void>::membercaller<QEI>(void*, unsigned int*)
 .text._ZN3QEI6encodeEv
                0x0000000000000e54       0x88 QEI/QEI.o
                0x0000000000000e54                QEI::encode()
 .text._ZN3QEIC2E7PinNameS0_S0_iNS_8EncodingE
                0x0000000000000edc      0x100 QEI/QEI.o
                0x0000000000000edc                QEI::QEI(PinName, PinName, PinName, int, QEI::Encoding)
                0x0000000000000edc                QEI::QEI(PinName, PinName, PinName, int, QEI::Encoding)
 .text._ZN3QEI9getPulsesEv
                0x0000000000000fdc        0x6 QEI/QEI.o
                0x0000000000000fdc                QEI::getPulses()
 .text._ZN4mbed19FunctionPointerArg1IvvE12membercallerINS_18SerialRPCInterfaceEEEvPvPj
                0x0000000000000fe2       0x18 RPCInterface/SerialRPCInterface.o
                0x0000000000000fe2                void mbed::FunctionPointerArg1<void, void>::membercaller<mbed::SerialRPCInterface>(void*, unsigned int*)
 *fill*         0x0000000000000ffa        0x2 
 .text._ZN4mbed18SerialRPCInterfaceC2E7PinNameS1_i
                0x0000000000000ffc       0x40 RPCInterface/SerialRPCInterface.o
                0x0000000000000ffc                mbed::SerialRPCInterface::SerialRPCInterface(PinName, PinName, int)
                0x0000000000000ffc                mbed::SerialRPCInterface::SerialRPCInterface(PinName, PinName, int)
 .text._ZN4mbed18SerialRPCInterface11_MsgProcessEv
                0x000000000000103c       0x14 RPCInterface/SerialRPCInterface.o
                0x000000000000103c                mbed::SerialRPCInterface::_MsgProcess()
 .text._ZN4mbed18SerialRPCInterface10_RPCSerialEv
                0x0000000000001050       0x40 RPCInterface/SerialRPCInterface.o
                0x0000000000001050                mbed::SerialRPCInterface::_RPCSerial()
 .text._ZN4mbed9Arguments10search_argEPPcS1_c
                0x0000000000001090       0x30 RPCInterface/mbed-rpc/Arguments.o
                0x0000000000001090                mbed::Arguments::search_arg(char**, char*, char)
 .text._ZN4mbed9ArgumentsC2EPKc
                0x00000000000010c0       0x6e RPCInterface/mbed-rpc/Arguments.o
                0x00000000000010c0                mbed::Arguments::Arguments(char const*)
                0x00000000000010c0                mbed::Arguments::Arguments(char const*)
 .text._ZN4mbed9Arguments6getArgIiEET_v
                0x000000000000112e       0x20 RPCInterface/mbed-rpc/Arguments.o
                0x000000000000112e                int mbed::Arguments::getArg<int>()
 .text._ZN4mbed9Arguments6getArgIfEET_v
                0x000000000000114e       0x1c RPCInterface/mbed-rpc/Arguments.o
                0x000000000000114e                float mbed::Arguments::getArg<float>()
 .text._ZN4mbed5ReplyC2EPc
                0x000000000000116a        0xc RPCInterface/mbed-rpc/Arguments.o
                0x000000000000116a                mbed::Reply::Reply(char*)
                0x000000000000116a                mbed::Reply::Reply(char*)
 .text._ZN4mbed5Reply9separatorEv
                0x0000000000001176       0x18 RPCInterface/mbed-rpc/Arguments.o
                0x0000000000001176                mbed::Reply::separator()
 *fill*         0x000000000000118e        0x2 
 .text._ZN4mbed5Reply7putDataIPKcEEvT_
                0x0000000000001190       0x20 RPCInterface/mbed-rpc/Arguments.o
                0x0000000000001190                void mbed::Reply::putData<char const*>(char const*)
 .text._ZN4mbed5Reply7putDataIiEEvT_
                0x00000000000011b0       0x20 RPCInterface/mbed-rpc/Arguments.o
                0x00000000000011b0                void mbed::Reply::putData<int>(int)
 .text._ZN4mbed5Reply7putDataIfEEvT_
                0x00000000000011d0       0x28 RPCInterface/mbed-rpc/Arguments.o
                0x00000000000011d0                void mbed::Reply::putData<float>(float)
 .text._ZN4mbed3RPCD2Ev
                0x00000000000011f8       0x2c RPCInterface/mbed-rpc/rpc.o
                0x00000000000011f8                mbed::RPC::~RPC()
                0x00000000000011f8                mbed::RPC::~RPC()
 .text._ZN4mbed3RPC15get_rpc_methodsEv
                0x0000000000001224        0x8 RPCInterface/mbed-rpc/rpc.o
                0x0000000000001224                mbed::RPC::get_rpc_methods()
 .text._ZN4mbed3RPCD0Ev
                0x000000000000122c       0x12 RPCInterface/mbed-rpc/rpc.o
                0x000000000000122c                mbed::RPC::~RPC()
 *fill*         0x000000000000123e        0x2 
 .text._ZN4mbed3RPC5clearEPNS_9ArgumentsEPNS_5ReplyE
                0x0000000000001240       0x28 RPCInterface/mbed-rpc/rpc.o
                0x0000000000001240                mbed::RPC::clear(mbed::Arguments*, mbed::Reply*)
 .text._ZN4mbed3RPC9list_objsEPNS_9ArgumentsEPNS_5ReplyE
                0x0000000000001268       0x20 RPCInterface/mbed-rpc/rpc.o
                0x0000000000001268                mbed::RPC::list_objs(mbed::Arguments*, mbed::Reply*)
 .text._ZN4mbed3RPCC2EPKc
                0x0000000000001288       0x50 RPCInterface/mbed-rpc/rpc.o
                0x0000000000001288                mbed::RPC::RPC(char const*)
                0x0000000000001288                mbed::RPC::RPC(char const*)
 .text._ZN4mbed3RPC6lookupEPKc
                0x00000000000012d8       0x34 RPCInterface/mbed-rpc/rpc.o
                0x00000000000012d8                mbed::RPC::lookup(char const*)
 .text._ZN4mbed3RPC11delete_selfEv
                0x000000000000130c       0x1e RPCInterface/mbed-rpc/rpc.o
                0x000000000000130c                mbed::RPC::delete_self()
 .text._ZN4mbed17rpc_method_callerINS_3RPCEXadL_ZNS1_11delete_selfEvEEEEvPS1_PNS_9ArgumentsEPNS_5ReplyE
                0x000000000000132a        0x4 RPCInterface/mbed-rpc/rpc.o
                0x000000000000132a                void mbed::rpc_method_caller<mbed::RPC, &mbed::RPC::delete_self>(mbed::RPC*, mbed::Arguments*, mbed::Reply*)
 *fill*         0x000000000000132e        0x2 
 .text._ZN4mbed3RPC4callEPKcPc
                0x0000000000001330      0x100 RPCInterface/mbed-rpc/rpc.o
                0x0000000000001330                mbed::RPC::call(char const*, char*)
 .text.mbed_die
                0x0000000000001430      0x10c mbed/TARGET_LPC1768/TOOLCHAIN_GCC_ARM/board.o
                0x0000000000001430                mbed_die
 .text.NVIC_SetVector
                0x000000000000153c       0x3c mbed/TARGET_LPC1768/TOOLCHAIN_GCC_ARM/cmsis_nvic.o
                0x000000000000153c                NVIC_SetVector
 .text._ZN4mbed10FileHandle4flenEv
                0x0000000000001578       0x34 mbed/TARGET_LPC1768/TOOLCHAIN_GCC_ARM/retarget.o
                0x0000000000001578                mbed::FileHandle::flen()
 .text._ZL11init_serialv.part.0
                0x00000000000015ac       0x18 mbed/TARGET_LPC1768/TOOLCHAIN_GCC_ARM/retarget.o
 .text._ZN4mbed10FileHandleD2Ev
                0x00000000000015c4       0x2c mbed/TARGET_LPC1768/TOOLCHAIN_GCC_ARM/retarget.o
                0x00000000000015c4                mbed::FileHandle::~FileHandle()
                0x00000000000015c4                mbed::FileHandle::~FileHandle()
 .text._open    0x00000000000015f0       0xf8 mbed/TARGET_LPC1768/TOOLCHAIN_GCC_ARM/retarget.o
                0x00000000000015f0                _open
 .text._close   0x00000000000016e8       0x28 mbed/TARGET_LPC1768/TOOLCHAIN_GCC_ARM/retarget.o
                0x00000000000016e8                _close
 .text._write   0x0000000000001710       0x4c mbed/TARGET_LPC1768/TOOLCHAIN_GCC_ARM/retarget.o
                0x0000000000001710                _write
 .text._read    0x000000000000175c       0x44 mbed/TARGET_LPC1768/TOOLCHAIN_GCC_ARM/retarget.o
                0x000000000000175c                _read
 .text._isatty  0x00000000000017a0       0x24 mbed/TARGET_LPC1768/TOOLCHAIN_GCC_ARM/retarget.o
                0x00000000000017a0                _isatty
 .text._lseek   0x00000000000017c4       0x24 mbed/TARGET_LPC1768/TOOLCHAIN_GCC_ARM/retarget.o
                0x00000000000017c4                _lseek
 .text._fstat   0x00000000000017e8       0x20 mbed/TARGET_LPC1768/TOOLCHAIN_GCC_ARM/retarget.o
                0x00000000000017e8                _fstat
 .text.__cxa_pure_virtual
                0x0000000000001808        0x8 mbed/TARGET_LPC1768/TOOLCHAIN_GCC_ARM/retarget.o
                0x0000000000001808                __cxa_pure_virtual
 .text.mbed_main
                0x0000000000001810        0x4 mbed/TARGET_LPC1768/TOOLCHAIN_GCC_ARM/retarget.o
                0x0000000000001810                mbed_main
 .text.mbed_sdk_init
                0x0000000000001814        0x4 mbed/TARGET_LPC1768/TOOLCHAIN_GCC_ARM/retarget.o
                0x0000000000001814                mbed_sdk_init
 .text.__wrap_main
                0x0000000000001818       0x14 mbed/TARGET_LPC1768/TOOLCHAIN_GCC_ARM/retarget.o
                0x0000000000001818                __wrap_main
 .text._sbrk    0x000000000000182c       0x28 mbed/TARGET_LPC1768/TOOLCHAIN_GCC_ARM/retarget.o
                0x000000000000182c                _sbrk
 .text._exit    0x0000000000001854       0x30 mbed/TARGET_LPC1768/TOOLCHAIN_GCC_ARM/retarget.o
                0x0000000000001854                _exit
 .text._ZN4mbed26mbed_set_unbuffered_streamEP7__sFILE
                0x0000000000001884        0x8 mbed/TARGET_LPC1768/TOOLCHAIN_GCC_ARM/retarget.o
                0x0000000000001884                mbed::mbed_set_unbuffered_stream(__sFILE*)
 .text._ZN4mbed9mbed_getsEPciP7__sFILE
                0x000000000000188c        0x4 mbed/TARGET_LPC1768/TOOLCHAIN_GCC_ARM/retarget.o
                0x000000000000188c                mbed::mbed_gets(char*, int, __sFILE*)
 .text          0x0000000000001890       0x44 mbed/TARGET_LPC1768/TOOLCHAIN_GCC_ARM/startup_LPC17xx.o
                0x0000000000001890                Reset_Handler
                0x00000000000018c0                NMI_Handler
                0x00000000000018c2                HardFault_Handler
                0x00000000000018c4                MemManage_Handler
                0x00000000000018c6                BusFault_Handler
                0x00000000000018c8                UsageFault_Handler
                0x00000000000018ca                SVC_Handler
                0x00000000000018cc                DebugMon_Handler
                0x00000000000018ce                PendSV_Handler
                0x00000000000018d0                SysTick_Handler
                0x00000000000018d2                TIMER2_IRQHandler
                0x00000000000018d2                RIT_IRQHandler
                0x00000000000018d2                I2C0_IRQHandler
                0x00000000000018d2                USBActivity_IRQHandler
                0x00000000000018d2                PWM1_IRQHandler
                0x00000000000018d2                I2C1_IRQHandler
                0x00000000000018d2                EINT2_IRQHandler
                0x00000000000018d2                UART1_IRQHandler
                0x00000000000018d2                EINT3_IRQHandler
                0x00000000000018d2                CANActivity_IRQHandler
                0x00000000000018d2                TIMER3_IRQHandler
                0x00000000000018d2                UART0_IRQHandler
                0x00000000000018d2                PLL0_IRQHandler
                0x00000000000018d2                CAN_IRQHandler
                0x00000000000018d2                PLL1_IRQHandler
                0x00000000000018d2                SSP0_IRQHandler
                0x00000000000018d2                I2S_IRQHandler
                0x00000000000018d2                I2C2_IRQHandler
                0x00000000000018d2                RTC_IRQHandler
                0x00000000000018d2                TIMER0_IRQHandler
                0x00000000000018d2                SPI_IRQHandler
                0x00000000000018d2                EINT1_IRQHandler
                0x00000000000018d2                TIMER1_IRQHandler
                0x00000000000018d2                UART2_IRQHandler
                0x00000000000018d2                Default_Handler
                0x00000000000018d2                ADC_IRQHandler
                0x00000000000018d2                SSP1_IRQHandler
                0x00000000000018d2                USB_IRQHandler
                0x00000000000018d2                BOD_IRQHandler
                0x00000000000018d2                WDT_IRQHandler
                0x00000000000018d2                QEI_IRQHandler
                0x00000000000018d2                EINT0_IRQHandler
                0x00000000000018d2                DEF_IRQHandler
                0x00000000000018d2                DMA_IRQHandler
                0x00000000000018d2                UART3_IRQHandler
                0x00000000000018d2                MCPWM_IRQHandler
                0x00000000000018d2                ENET_IRQHandler
 .text.SystemInit
                0x00000000000018d4       0xb8 mbed/TARGET_LPC1768/TOOLCHAIN_GCC_ARM/system_LPC17xx.o
                0x00000000000018d4                SystemInit
 .text.handle_interrupt_in
                0x000000000000198c      0x120 ./mbed/TARGET_LPC1768/TOOLCHAIN_GCC_ARM/libmbed.a(gpio_irq_api.o)
 .text.gpio_irq_init
                0x0000000000001aac       0x74 ./mbed/TARGET_LPC1768/TOOLCHAIN_GCC_ARM/libmbed.a(gpio_irq_api.o)
                0x0000000000001aac                gpio_irq_init
 .text.gpio_irq_free
                0x0000000000001b20       0x10 ./mbed/TARGET_LPC1768/TOOLCHAIN_GCC_ARM/libmbed.a(gpio_irq_api.o)
                0x0000000000001b20                gpio_irq_free
 .text.gpio_irq_set
                0x0000000000001b30       0xcc ./mbed/TARGET_LPC1768/TOOLCHAIN_GCC_ARM/libmbed.a(gpio_irq_api.o)
                0x0000000000001b30                gpio_irq_set
 .text.uart1_irq
                0x0000000000001bfc       0x60 ./mbed/TARGET_LPC1768/TOOLCHAIN_GCC_ARM/libmbed.a(serial_api.o)
                0x0000000000001bfc                uart1_irq
 .text.serial_irq_set_internal
                0x0000000000001c5c       0xc8 ./mbed/TARGET_LPC1768/TOOLCHAIN_GCC_ARM/libmbed.a(serial_api.o)
 .text.uart3_irq
                0x0000000000001d24       0x6c ./mbed/TARGET_LPC1768/TOOLCHAIN_GCC_ARM/libmbed.a(serial_api.o)
                0x0000000000001d24                uart3_irq
 .text.uart2_irq
                0x0000000000001d90       0x64 ./mbed/TARGET_LPC1768/TOOLCHAIN_GCC_ARM/libmbed.a(serial_api.o)
                0x0000000000001d90                uart2_irq
 .text.uart0_irq
                0x0000000000001df4       0x60 ./mbed/TARGET_LPC1768/TOOLCHAIN_GCC_ARM/libmbed.a(serial_api.o)
                0x0000000000001df4                uart0_irq
 .text.serial_baud
                0x0000000000001e54      0x234 ./mbed/TARGET_LPC1768/TOOLCHAIN_GCC_ARM/libmbed.a(serial_api.o)
                0x0000000000001e54                serial_baud
 .text.serial_format
                0x0000000000002088       0x78 ./mbed/TARGET_LPC1768/TOOLCHAIN_GCC_ARM/libmbed.a(serial_api.o)
                0x0000000000002088                serial_format
 .text.serial_irq_handler
                0x0000000000002100       0x20 ./mbed/TARGET_LPC1768/TOOLCHAIN_GCC_ARM/libmbed.a(serial_api.o)
                0x0000000000002100                serial_irq_handler
 .text.serial_irq_set
                0x0000000000002120       0x24 ./mbed/TARGET_LPC1768/TOOLCHAIN_GCC_ARM/libmbed.a(serial_api.o)
                0x0000000000002120                serial_irq_set
 .text.serial_getc
                0x0000000000002144       0x34 ./mbed/TARGET_LPC1768/TOOLCHAIN_GCC_ARM/libmbed.a(serial_api.o)
                0x0000000000002144                serial_getc
 .text.serial_writable
                0x0000000000002178       0x50 ./mbed/TARGET_LPC1768/TOOLCHAIN_GCC_ARM/libmbed.a(serial_api.o)
                0x0000000000002178                serial_writable
 .text.serial_putc
                0x00000000000021c8       0x34 ./mbed/TARGET_LPC1768/TOOLCHAIN_GCC_ARM/libmbed.a(serial_api.o)
                0x00000000000021c8                serial_putc
 .text.serial_set_flow_control
                0x00000000000021fc      0x130 ./mbed/TARGET_LPC1768/TOOLCHAIN_GCC_ARM/libmbed.a(serial_api.o)
                0x00000000000021fc                serial_set_flow_control
 .text.serial_init
                0x000000000000232c      0x1bc ./mbed/TARGET_LPC1768/TOOLCHAIN_GCC_ARM/libmbed.a(serial_api.o)
                0x000000000000232c                serial_init
 .text._ZN4mbed8FilePathC2EPKc
                0x00000000000024e8       0x54 ./mbed/TARGET_LPC1768/TOOLCHAIN_GCC_ARM/libmbed.a(FilePath.o)
                0x00000000000024e8                mbed::FilePath::FilePath(char const*)
                0x00000000000024e8                mbed::FilePath::FilePath(char const*)
 .text._ZN4mbed8FilePath8fileNameEv
                0x000000000000253c        0x4 ./mbed/TARGET_LPC1768/TOOLCHAIN_GCC_ARM/libmbed.a(FilePath.o)
                0x000000000000253c                mbed::FilePath::fileName()
 .text._ZN4mbed8FilePath10fileSystemEv
                0x0000000000002540       0x20 ./mbed/TARGET_LPC1768/TOOLCHAIN_GCC_ARM/libmbed.a(FilePath.o)
                0x0000000000002540                mbed::FilePath::fileSystem()
 .text._ZN4mbed8FilePath6isFileEv
                0x0000000000002560       0x14 ./mbed/TARGET_LPC1768/TOOLCHAIN_GCC_ARM/libmbed.a(FilePath.o)
                0x0000000000002560                mbed::FilePath::isFile()
 .text._ZN4mbed8FilePath4fileEv
                0x0000000000002574       0x20 ./mbed/TARGET_LPC1768/TOOLCHAIN_GCC_ARM/libmbed.a(FilePath.o)
                0x0000000000002574                mbed::FilePath::file()
 .text._ZN4mbed8FilePath6existsEv
                0x0000000000002594        0xc ./mbed/TARGET_LPC1768/TOOLCHAIN_GCC_ARM/libmbed.a(FilePath.o)
                0x0000000000002594                mbed::FilePath::exists()
 .text._ZN4mbed3I2CC2E7PinNameS1_
                0x00000000000025a0       0x20 ./mbed/TARGET_LPC1768/TOOLCHAIN_GCC_ARM/libmbed.a(I2C.o)
                0x00000000000025a0                mbed::I2C::I2C(PinName, PinName)
                0x00000000000025a0                mbed::I2C::I2C(PinName, PinName)
 .text._ZN4mbed3I2C9frequencyEi
                0x00000000000025c0       0x14 ./mbed/TARGET_LPC1768/TOOLCHAIN_GCC_ARM/libmbed.a(I2C.o)
                0x00000000000025c0                mbed::I2C::frequency(int)
 .text._ZN4mbed3I2C6aquireEv
                0x00000000000025d4       0x1c ./mbed/TARGET_LPC1768/TOOLCHAIN_GCC_ARM/libmbed.a(I2C.o)
                0x00000000000025d4                mbed::I2C::aquire()
 .text._ZN4mbed3I2C5writeEiPKcib
                0x00000000000025f0       0x34 ./mbed/TARGET_LPC1768/TOOLCHAIN_GCC_ARM/libmbed.a(I2C.o)
                0x00000000000025f0                mbed::I2C::write(int, char const*, int, bool)
 .text._ZN4mbed3I2C4readEiPcib
                0x0000000000002624       0x34 ./mbed/TARGET_LPC1768/TOOLCHAIN_GCC_ARM/libmbed.a(I2C.o)
                0x0000000000002624                mbed::I2C::read(int, char*, int, bool)
 .text._ZN4mbed11InterruptInD2Ev
                0x0000000000002658       0x18 ./mbed/TARGET_LPC1768/TOOLCHAIN_GCC_ARM/libmbed.a(InterruptIn.o)
                0x0000000000002658                mbed::InterruptIn::~InterruptIn()
                0x0000000000002658                mbed::InterruptIn::~InterruptIn()
 .text._ZN4mbed11InterruptInD0Ev
                0x0000000000002670       0x1c ./mbed/TARGET_LPC1768/TOOLCHAIN_GCC_ARM/libmbed.a(InterruptIn.o)
                0x0000000000002670                mbed::InterruptIn::~InterruptIn()
 .text._ZN4mbed11InterruptIn12_irq_handlerEm14gpio_irq_event
                0x000000000000268c       0x38 ./mbed/TARGET_LPC1768/TOOLCHAIN_GCC_ARM/libmbed.a(InterruptIn.o)
                0x000000000000268c                mbed::InterruptIn::_irq_handler(unsigned long, gpio_irq_event)
 .text._ZN4mbed11InterruptInC2E7PinName
                0x00000000000026c4       0x44 ./mbed/TARGET_LPC1768/TOOLCHAIN_GCC_ARM/libmbed.a(InterruptIn.o)
                0x00000000000026c4                mbed::InterruptIn::InterruptIn(PinName)
                0x00000000000026c4                mbed::InterruptIn::InterruptIn(PinName)
 .text._ZN4mbed11InterruptIn4readEv
                0x0000000000002708       0x30 ./mbed/TARGET_LPC1768/TOOLCHAIN_GCC_ARM/libmbed.a(InterruptIn.o)
                0x0000000000002708                mbed::InterruptIn::read()
 .text._ZN4mbed6Serial5_getcEv
                0x0000000000002738        0x4 ./mbed/TARGET_LPC1768/TOOLCHAIN_GCC_ARM/libmbed.a(Serial.o)
                0x0000000000002738                mbed::Serial::_getc()
 .text._ZThn64_N4mbed6Serial5_getcEv
                0x000000000000273c        0x8 ./mbed/TARGET_LPC1768/TOOLCHAIN_GCC_ARM/libmbed.a(Serial.o)
                0x000000000000273c                non-virtual thunk to mbed::Serial::_getc()
 .text._ZN4mbed6Serial5_putcEi
                0x0000000000002744        0x4 ./mbed/TARGET_LPC1768/TOOLCHAIN_GCC_ARM/libmbed.a(Serial.o)
                0x0000000000002744                mbed::Serial::_putc(int)
 .text._ZThn64_N4mbed6Serial5_putcEi
                0x0000000000002748        0x8 ./mbed/TARGET_LPC1768/TOOLCHAIN_GCC_ARM/libmbed.a(Serial.o)
                0x0000000000002748                non-virtual thunk to mbed::Serial::_putc(int)
 .text._ZN4mbed6SerialC2E7PinNameS1_PKc
                0x0000000000002750       0x30 ./mbed/TARGET_LPC1768/TOOLCHAIN_GCC_ARM/libmbed.a(Serial.o)
                0x0000000000002750                mbed::Serial::Serial(PinName, PinName, char const*)
                0x0000000000002750                mbed::Serial::Serial(PinName, PinName, char const*)
 .text._ZN4mbed10SerialBase12_irq_handlerEm9SerialIrq
                0x0000000000002780       0x34 ./mbed/TARGET_LPC1768/TOOLCHAIN_GCC_ARM/libmbed.a(SerialBase.o)
                0x0000000000002780                mbed::SerialBase::_irq_handler(unsigned long, SerialIrq)
 .text._ZN4mbed10SerialBaseC2E7PinNameS1_
                0x00000000000027b4       0x3c ./mbed/TARGET_LPC1768/TOOLCHAIN_GCC_ARM/libmbed.a(SerialBase.o)
                0x00000000000027b4                mbed::SerialBase::SerialBase(PinName, PinName)
                0x00000000000027b4                mbed::SerialBase::SerialBase(PinName, PinName)
 .text._ZN4mbed10SerialBase4baudEi
                0x00000000000027f0       0x10 ./mbed/TARGET_LPC1768/TOOLCHAIN_GCC_ARM/libmbed.a(SerialBase.o)
                0x00000000000027f0                mbed::SerialBase::baud(int)
 .text._ZN4mbed10SerialBase10_base_getcEv
                0x0000000000002800        0x8 ./mbed/TARGET_LPC1768/TOOLCHAIN_GCC_ARM/libmbed.a(SerialBase.o)
                0x0000000000002800                mbed::SerialBase::_base_getc()
 .text._ZN4mbed10SerialBase10_base_putcEi
                0x0000000000002808       0x10 ./mbed/TARGET_LPC1768/TOOLCHAIN_GCC_ARM/libmbed.a(SerialBase.o)
                0x0000000000002808                mbed::SerialBase::_base_putc(int)
 .text._ZN4mbed6Stream5closeEv
                0x0000000000002818        0x4 ./mbed/TARGET_LPC1768/TOOLCHAIN_GCC_ARM/libmbed.a(Stream.o)
                0x0000000000002818                mbed::Stream::close()
 .text._ZN4mbed6Stream5writeEPKvj
                0x000000000000281c       0x2c ./mbed/TARGET_LPC1768/TOOLCHAIN_GCC_ARM/libmbed.a(Stream.o)
                0x000000000000281c                mbed::Stream::write(void const*, unsigned int)
 .text._ZN4mbed6Stream4readEPvj
                0x0000000000002848       0x2c ./mbed/TARGET_LPC1768/TOOLCHAIN_GCC_ARM/libmbed.a(Stream.o)
                0x0000000000002848                mbed::Stream::read(void*, unsigned int)
 .text._ZN4mbed6Stream5lseekEli
                0x0000000000002874        0x4 ./mbed/TARGET_LPC1768/TOOLCHAIN_GCC_ARM/libmbed.a(Stream.o)
                0x0000000000002874                mbed::Stream::lseek(long, int)
 .text._ZN4mbed6Stream6isattyEv
                0x0000000000002878        0x4 ./mbed/TARGET_LPC1768/TOOLCHAIN_GCC_ARM/libmbed.a(Stream.o)
                0x0000000000002878                mbed::Stream::isatty()
 .text._ZN4mbed6Stream5fsyncEv
                0x000000000000287c        0x4 ./mbed/TARGET_LPC1768/TOOLCHAIN_GCC_ARM/libmbed.a(Stream.o)
                0x000000000000287c                mbed::Stream::fsync()
 .text._ZN4mbed6Stream4flenEv
                0x0000000000002880        0x4 ./mbed/TARGET_LPC1768/TOOLCHAIN_GCC_ARM/libmbed.a(Stream.o)
                0x0000000000002880                mbed::Stream::flen()
 .text._ZN4mbed6StreamC2EPKc
                0x0000000000002884       0x44 ./mbed/TARGET_LPC1768/TOOLCHAIN_GCC_ARM/libmbed.a(Stream.o)
                0x0000000000002884                mbed::Stream::Stream(char const*)
                0x0000000000002884                mbed::Stream::Stream(char const*)
 .text._ZN4mbed6StreamD2Ev
                0x00000000000028c8       0x24 ./mbed/TARGET_LPC1768/TOOLCHAIN_GCC_ARM/libmbed.a(Stream.o)
                0x00000000000028c8                mbed::Stream::~Stream()
                0x00000000000028c8                mbed::Stream::~Stream()
 .text._ZN4mbed6Stream4getsEPci
                0x00000000000028ec       0x1c ./mbed/TARGET_LPC1768/TOOLCHAIN_GCC_ARM/libmbed.a(Stream.o)
                0x00000000000028ec                mbed::Stream::gets(char*, int)
 .text._ZN4mbed6Stream6printfEPKcz
                0x0000000000002908       0x2c ./mbed/TARGET_LPC1768/TOOLCHAIN_GCC_ARM/libmbed.a(Stream.o)
                0x0000000000002908                mbed::Stream::printf(char const*, ...)
 .text.mbed_assert_internal
                0x0000000000002934       0x18 ./mbed/TARGET_LPC1768/TOOLCHAIN_GCC_ARM/libmbed.a(assert.o)
                0x0000000000002934                mbed_assert_internal
 .text.error    0x000000000000294c       0x24 ./mbed/TARGET_LPC1768/TOOLCHAIN_GCC_ARM/libmbed.a(error.o)
                0x000000000000294c                error
 .text.gpio_init_in
                0x0000000000002970       0x24 ./mbed/TARGET_LPC1768/TOOLCHAIN_GCC_ARM/libmbed.a(gpio.o)
                0x0000000000002970                gpio_init_in
 .text.gpio_init_out
                0x0000000000002994       0x44 ./mbed/TARGET_LPC1768/TOOLCHAIN_GCC_ARM/libmbed.a(gpio.o)
                0x0000000000002994                gpio_init_out
 .text.gpio_init_out_ex
                0x00000000000029d8       0x54 ./mbed/TARGET_LPC1768/TOOLCHAIN_GCC_ARM/libmbed.a(gpio.o)
                0x00000000000029d8                gpio_init_out_ex
 .text.mbed_interface_connected
                0x0000000000002a2c        0x4 ./mbed/TARGET_LPC1768/TOOLCHAIN_GCC_ARM/libmbed.a(mbed_interface.o)
                0x0000000000002a2c                mbed_interface_connected
 .text.pinmap_pinout
                0x0000000000002a30       0x40 ./mbed/TARGET_LPC1768/TOOLCHAIN_GCC_ARM/libmbed.a(pinmap_common.o)
                0x0000000000002a30                pinmap_pinout
 .text.pinmap_merge
                0x0000000000002a70       0x24 ./mbed/TARGET_LPC1768/TOOLCHAIN_GCC_ARM/libmbed.a(pinmap_common.o)
                0x0000000000002a70                pinmap_merge
 .text.pinmap_find_peripheral
                0x0000000000002a94       0x1c ./mbed/TARGET_LPC1768/TOOLCHAIN_GCC_ARM/libmbed.a(pinmap_common.o)
                0x0000000000002a94                pinmap_find_peripheral
 .text.pinmap_peripheral
                0x0000000000002ab0       0x34 ./mbed/TARGET_LPC1768/TOOLCHAIN_GCC_ARM/libmbed.a(pinmap_common.o)
                0x0000000000002ab0                pinmap_peripheral
 .text.semihost_exit
                0x0000000000002ae4       0x18 ./mbed/TARGET_LPC1768/TOOLCHAIN_GCC_ARM/libmbed.a(semihost_api.o)
                0x0000000000002ae4                semihost_exit
 .text.semihost_connected
                0x0000000000002afc       0x10 ./mbed/TARGET_LPC1768/TOOLCHAIN_GCC_ARM/libmbed.a(semihost_api.o)
                0x0000000000002afc                semihost_connected
 .text.wait_us  0x0000000000002b0c       0x18 ./mbed/TARGET_LPC1768/TOOLCHAIN_GCC_ARM/libmbed.a(wait_api.o)
                0x0000000000002b0c                wait_us
 .text.wait     0x0000000000002b24       0x18 ./mbed/TARGET_LPC1768/TOOLCHAIN_GCC_ARM/libmbed.a(wait_api.o)
                0x0000000000002b24                wait
 .text.wait_ms  0x0000000000002b3c        0xc ./mbed/TARGET_LPC1768/TOOLCHAIN_GCC_ARM/libmbed.a(wait_api.o)
                0x0000000000002b3c                wait_ms
 .text.gpio_set
                0x0000000000002b48       0x30 ./mbed/TARGET_LPC1768/TOOLCHAIN_GCC_ARM/libmbed.a(gpio_api.o)
                0x0000000000002b48                gpio_set
 .text.gpio_init
                0x0000000000002b78       0x30 ./mbed/TARGET_LPC1768/TOOLCHAIN_GCC_ARM/libmbed.a(gpio_api.o)
                0x0000000000002b78                gpio_init
 .text.gpio_mode
                0x0000000000002ba8        0x8 ./mbed/TARGET_LPC1768/TOOLCHAIN_GCC_ARM/libmbed.a(gpio_api.o)
                0x0000000000002ba8                gpio_mode
 .text.gpio_dir
                0x0000000000002bb0       0x44 ./mbed/TARGET_LPC1768/TOOLCHAIN_GCC_ARM/libmbed.a(gpio_api.o)
                0x0000000000002bb0                gpio_dir
 .text.pin_function
                0x0000000000002bf4       0x50 ./mbed/TARGET_LPC1768/TOOLCHAIN_GCC_ARM/libmbed.a(pinmap.o)
                0x0000000000002bf4                pin_function
 .text.pin_mode
                0x0000000000002c44       0x78 ./mbed/TARGET_LPC1768/TOOLCHAIN_GCC_ARM/libmbed.a(pinmap.o)
                0x0000000000002c44                pin_mode
 .text.i2c_init
                0x0000000000002cbc       0xcc ./mbed/TARGET_LPC1768/TOOLCHAIN_GCC_ARM/libmbed.a(i2c_api.o)
                0x0000000000002cbc                i2c_init
 .text.i2c_frequency
                0x0000000000002d88       0x18 ./mbed/TARGET_LPC1768/TOOLCHAIN_GCC_ARM/libmbed.a(i2c_api.o)
                0x0000000000002d88                i2c_frequency
 .text.i2c_read
                0x0000000000002da0      0x164 ./mbed/TARGET_LPC1768/TOOLCHAIN_GCC_ARM/libmbed.a(i2c_api.o)
                0x0000000000002da0                i2c_read
 .text.i2c_write
                0x0000000000002f04       0xe8 ./mbed/TARGET_LPC1768/TOOLCHAIN_GCC_ARM/libmbed.a(i2c_api.o)
                0x0000000000002f04                i2c_write
 .text.us_ticker_init.part.0
                0x0000000000002fec       0x64 ./mbed/TARGET_LPC1768/TOOLCHAIN_GCC_ARM/libmbed.a(us_ticker.o)
 .text.us_ticker_init
                0x0000000000003050       0x10 ./mbed/TARGET_LPC1768/TOOLCHAIN_GCC_ARM/libmbed.a(us_ticker.o)
                0x0000000000003050                us_ticker_init
 .text.us_ticker_read
                0x0000000000003060       0x1c ./mbed/TARGET_LPC1768/TOOLCHAIN_GCC_ARM/libmbed.a(us_ticker.o)
                0x0000000000003060                us_ticker_read
 .text.us_ticker_set_interrupt
                0x000000000000307c       0x14 ./mbed/TARGET_LPC1768/TOOLCHAIN_GCC_ARM/libmbed.a(us_ticker.o)
                0x000000000000307c                us_ticker_set_interrupt
 .text.us_ticker_disable_interrupt
                0x0000000000003090       0x10 ./mbed/TARGET_LPC1768/TOOLCHAIN_GCC_ARM/libmbed.a(us_ticker.o)
                0x0000000000003090                us_ticker_disable_interrupt
 .text.us_ticker_clear_interrupt
                0x00000000000030a0        0xc ./mbed/TARGET_LPC1768/TOOLCHAIN_GCC_ARM/libmbed.a(us_ticker.o)
                0x00000000000030a0                us_ticker_clear_interrupt
 .text._ZN4mbed8FileLikeC2EPKc
                0x00000000000030ac       0x28 ./mbed/TARGET_LPC1768/TOOLCHAIN_GCC_ARM/libmbed.a(FileLike.o)
                0x00000000000030ac                mbed::FileLike::FileLike(char const*)
                0x00000000000030ac                mbed::FileLike::FileLike(char const*)
 .text._ZN4mbed8FileLikeD2Ev
                0x00000000000030d4       0x24 ./mbed/TARGET_LPC1768/TOOLCHAIN_GCC_ARM/libmbed.a(FileLike.o)
                0x00000000000030d4                mbed::FileLike::~FileLike()
                0x00000000000030d4                mbed::FileLike::~FileLike()
 .text._ZN4mbed8FileBaseD2Ev
                0x00000000000030f8       0x30 ./mbed/TARGET_LPC1768/TOOLCHAIN_GCC_ARM/libmbed.a(FileBase.o)
                0x00000000000030f8                mbed::FileBase::~FileBase()
                0x00000000000030f8                mbed::FileBase::~FileBase()
 .text._ZN4mbed8FileBaseD0Ev
                0x0000000000003128       0x3c ./mbed/TARGET_LPC1768/TOOLCHAIN_GCC_ARM/libmbed.a(FileBase.o)
                0x0000000000003128                mbed::FileBase::~FileBase()
 .text._ZN4mbed8FileBaseC2EPKcNS_8PathTypeE
                0x0000000000003164       0x28 ./mbed/TARGET_LPC1768/TOOLCHAIN_GCC_ARM/libmbed.a(FileBase.o)
                0x0000000000003164                mbed::FileBase::FileBase(char const*, mbed::PathType)
                0x0000000000003164                mbed::FileBase::FileBase(char const*, mbed::PathType)
 .text._ZN4mbed8FileBase6lookupEPKcj
                0x000000000000318c       0x3c ./mbed/TARGET_LPC1768/TOOLCHAIN_GCC_ARM/libmbed.a(FileBase.o)
                0x000000000000318c                mbed::FileBase::lookup(char const*, unsigned int)
 .text._ZN4mbed8FileBase11getPathTypeEv
                0x00000000000031c8        0x4 ./mbed/TARGET_LPC1768/TOOLCHAIN_GCC_ARM/libmbed.a(FileBase.o)
                0x00000000000031c8                mbed::FileBase::getPathType()
 .text.us_ticker_irq_handler
                0x00000000000031cc        0xc ./mbed/TARGET_LPC1768/TOOLCHAIN_GCC_ARM/libmbed.a(us_ticker_api.o)
                0x00000000000031cc                us_ticker_irq_handler
 .text.ticker_irq_handler
                0x00000000000031d8       0x4c ./mbed/TARGET_LPC1768/TOOLCHAIN_GCC_ARM/libmbed.a(ticker_api.o)
                0x00000000000031d8                ticker_irq_handler
 .text._ZdlPv   0x0000000000003224        0x4 /usr/bin/../lib/gcc/arm-none-eabi/4.9.3/../../../../arm-none-eabi/lib/armv7-m/libstdc++_nano.a(del_op.o)
                0x0000000000003224                operator delete(void*)
 .text._Znwj    0x0000000000003228       0x22 /usr/bin/../lib/gcc/arm-none-eabi/4.9.3/../../../../arm-none-eabi/lib/armv7-m/libstdc++_nano.a(new_op.o)
                0x0000000000003228                operator new(unsigned int)
 .text._ZdaPv   0x000000000000324a        0x4 /usr/bin/../lib/gcc/arm-none-eabi/4.9.3/../../../../arm-none-eabi/lib/armv7-m/libstdc++_nano.a(del_opv.o)
                0x000000000000324a                operator delete[](void*)
 .text.__aeabi_atexit
                0x000000000000324e        0xa /usr/bin/../lib/gcc/arm-none-eabi/4.9.3/../../../../arm-none-eabi/lib/armv7-m/libstdc++_nano.a(atexit_arm.o)
                0x000000000000324e                __aeabi_atexit
 .text._Znaj    0x0000000000003258        0x4 /usr/bin/../lib/gcc/arm-none-eabi/4.9.3/../../../../arm-none-eabi/lib/armv7-m/libstdc++_nano.a(new_opv.o)
                0x0000000000003258                operator new[](unsigned int)
 .text._ZSt15get_new_handlerv
                0x000000000000325c       0x10 /usr/bin/../lib/gcc/arm-none-eabi/4.9.3/../../../../arm-none-eabi/lib/armv7-m/libstdc++_nano.a(new_handler.o)
                0x000000000000325c                std::get_new_handler()
 .text.pow      0x000000000000326c      0x2f0 /usr/bin/../lib/gcc/arm-none-eabi/4.9.3/../../../../arm-none-eabi/lib/armv7-m/libm.a(lib_a-w_pow.o)
                0x000000000000326c                pow
 *fill*         0x000000000000355c        0x4 
 .text.__ieee754_pow
                0x0000000000003560      0xaa0 /usr/bin/../lib/gcc/arm-none-eabi/4.9.3/../../../../arm-none-eabi/lib/armv7-m/libm.a(lib_a-e_pow.o)
                0x0000000000003560                __ieee754_pow
 .text.__ieee754_sqrt
                0x0000000000004000      0x18c /usr/bin/../lib/gcc/arm-none-eabi/4.9.3/../../../../arm-none-eabi/lib/armv7-m/libm.a(lib_a-e_sqrt.o)
                0x0000000000004000                __ieee754_sqrt
 .text.fabs     0x000000000000418c        0x8 /usr/bin/../lib/gcc/arm-none-eabi/4.9.3/../../../../arm-none-eabi/lib/armv7-m/libm.a(lib_a-s_fabs.o)
                0x000000000000418c                fabs
 .text.finite   0x0000000000004194        0xc /usr/bin/../lib/gcc/arm-none-eabi/4.9.3/../../../../arm-none-eabi/lib/armv7-m/libm.a(lib_a-s_finite.o)
                0x0000000000004194                finite
 .text.__fpclassifyd
                0x00000000000041a0       0x58 /usr/bin/../lib/gcc/arm-none-eabi/4.9.3/../../../../arm-none-eabi/lib/armv7-m/libm.a(lib_a-s_fpclassify.o)
                0x00000000000041a0                __fpclassifyd
 .text.matherr  0x00000000000041f8        0x4 /usr/bin/../lib/gcc/arm-none-eabi/4.9.3/../../../../arm-none-eabi/lib/armv7-m/libm.a(lib_a-s_matherr.o)
                0x00000000000041f8                matherr
 .text.nan      0x00000000000041fc        0xc /usr/bin/../lib/gcc/arm-none-eabi/4.9.3/../../../../arm-none-eabi/lib/armv7-m/libm.a(lib_a-s_nan.o)
                0x00000000000041fc                nan
 .text.rint     0x0000000000004208      0x11c /usr/bin/../lib/gcc/arm-none-eabi/4.9.3/../../../../arm-none-eabi/lib/armv7-m/libm.a(lib_a-s_rint.o)
                0x0000000000004208                rint
 *fill*         0x0000000000004324        0x4 
 .text.scalbn   0x0000000000004328       0xec /usr/bin/../lib/gcc/arm-none-eabi/4.9.3/../../../../arm-none-eabi/lib/armv7-m/libm.a(lib_a-s_scalbn.o)
                0x0000000000004328                scalbn
 .text.copysign
                0x0000000000004414       0x10 /usr/bin/../lib/gcc/arm-none-eabi/4.9.3/../../../../arm-none-eabi/lib/armv7-m/libm.a(lib_a-s_copysign.o)
                0x0000000000004414                copysign
 .text.abort    0x0000000000004424        0xe /usr/bin/../lib/gcc/arm-none-eabi/4.9.3/../../../../arm-none-eabi/lib/armv7-m/libc_nano.a(lib_a-abort.o)
                0x0000000000004424                abort
 .text.abs      0x0000000000004432        0x8 /usr/bin/../lib/gcc/arm-none-eabi/4.9.3/../../../../arm-none-eabi/lib/armv7-m/libc_nano.a(lib_a-abs.o)
                0x0000000000004432                abs
 .text.atof     0x000000000000443a        0x6 /usr/bin/../lib/gcc/arm-none-eabi/4.9.3/../../../../arm-none-eabi/lib/armv7-m/libc_nano.a(lib_a-atof.o)
                0x000000000000443a                atof
 .text.__cxa_atexit
                0x0000000000004440       0x1c /usr/bin/../lib/gcc/arm-none-eabi/4.9.3/../../../../arm-none-eabi/lib/armv7-m/libc_nano.a(lib_a-cxa_atexit.o)
                0x0000000000004440                __cxa_atexit
 .text.__errno  0x000000000000445c        0xc /usr/bin/../lib/gcc/arm-none-eabi/4.9.3/../../../../arm-none-eabi/lib/armv7-m/libc_nano.a(lib_a-errno.o)
                0x000000000000445c                __errno
 .text.exit     0x0000000000004468       0x28 /usr/bin/../lib/gcc/arm-none-eabi/4.9.3/../../../../arm-none-eabi/lib/armv7-m/libc_nano.a(lib_a-exit.o)
                0x0000000000004468                exit
 .text._fclose_r
                0x0000000000004490       0xa4 /usr/bin/../lib/gcc/arm-none-eabi/4.9.3/../../../../arm-none-eabi/lib/armv7-m/libc_nano.a(lib_a-fclose.o)
                0x0000000000004490                _fclose_r
 .text.fclose   0x0000000000004534       0x10 /usr/bin/../lib/gcc/arm-none-eabi/4.9.3/../../../../arm-none-eabi/lib/armv7-m/libc_nano.a(lib_a-fclose.o)
                0x0000000000004534                fclose
 .text.__sflush_r
                0x0000000000004544      0x106 /usr/bin/../lib/gcc/arm-none-eabi/4.9.3/../../../../arm-none-eabi/lib/armv7-m/libc_nano.a(lib_a-fflush.o)
                0x0000000000004544                __sflush_r
 *fill*         0x000000000000464a        0x2 
 .text._fflush_r
                0x000000000000464c       0x54 /usr/bin/../lib/gcc/arm-none-eabi/4.9.3/../../../../arm-none-eabi/lib/armv7-m/libc_nano.a(lib_a-fflush.o)
                0x000000000000464c                _fflush_r
 .text.fflush   0x00000000000046a0       0x24 /usr/bin/../lib/gcc/arm-none-eabi/4.9.3/../../../../arm-none-eabi/lib/armv7-m/libc_nano.a(lib_a-fflush.o)
                0x00000000000046a0                fflush
 .text._fgets_r
                0x00000000000046c4       0xc4 /usr/bin/../lib/gcc/arm-none-eabi/4.9.3/../../../../arm-none-eabi/lib/armv7-m/libc_nano.a(lib_a-fgets.o)
                0x00000000000046c4                _fgets_r
 .text.fgets    0x0000000000004788       0x1c /usr/bin/../lib/gcc/arm-none-eabi/4.9.3/../../../../arm-none-eabi/lib/armv7-m/libc_nano.a(lib_a-fgets.o)
                0x0000000000004788                fgets
 .text._cleanup_r
                0x00000000000047a4        0xc /usr/bin/../lib/gcc/arm-none-eabi/4.9.3/../../../../arm-none-eabi/lib/armv7-m/libc_nano.a(lib_a-findfp.o)
                0x00000000000047a4                _cleanup_r
 .text.std.isra.0
                0x00000000000047b0       0x48 /usr/bin/../lib/gcc/arm-none-eabi/4.9.3/../../../../arm-none-eabi/lib/armv7-m/libc_nano.a(lib_a-findfp.o)
 .text.__sfmoreglue
                0x00000000000047f8       0x2c /usr/bin/../lib/gcc/arm-none-eabi/4.9.3/../../../../arm-none-eabi/lib/armv7-m/libc_nano.a(lib_a-findfp.o)
                0x00000000000047f8                __sfmoreglue
 .text.__sinit  0x0000000000004824       0x60 /usr/bin/../lib/gcc/arm-none-eabi/4.9.3/../../../../arm-none-eabi/lib/armv7-m/libc_nano.a(lib_a-findfp.o)
                0x0000000000004824                __sinit
 .text.__sfp    0x0000000000004884       0x74 /usr/bin/../lib/gcc/arm-none-eabi/4.9.3/../../../../arm-none-eabi/lib/armv7-m/libc_nano.a(lib_a-findfp.o)
                0x0000000000004884                __sfp
 .text.__sfp_lock_acquire
                0x00000000000048f8        0x2 /usr/bin/../lib/gcc/arm-none-eabi/4.9.3/../../../../arm-none-eabi/lib/armv7-m/libc_nano.a(lib_a-findfp.o)
                0x00000000000048f8                __sfp_lock_acquire
 .text.__sfp_lock_release
                0x00000000000048fa        0x2 /usr/bin/../lib/gcc/arm-none-eabi/4.9.3/../../../../arm-none-eabi/lib/armv7-m/libc_nano.a(lib_a-findfp.o)
                0x00000000000048fa                __sfp_lock_release
 .text._fopen_r
                0x00000000000048fc       0x80 /usr/bin/../lib/gcc/arm-none-eabi/4.9.3/../../../../arm-none-eabi/lib/armv7-m/libc_nano.a(lib_a-fopen.o)
                0x00000000000048fc                _fopen_r
 .text.fopen    0x000000000000497c       0x14 /usr/bin/../lib/gcc/arm-none-eabi/4.9.3/../../../../arm-none-eabi/lib/armv7-m/libc_nano.a(lib_a-fopen.o)
                0x000000000000497c                fopen
 .text._fseek_r
                0x0000000000004990        0x4 /usr/bin/../lib/gcc/arm-none-eabi/4.9.3/../../../../arm-none-eabi/lib/armv7-m/libc_nano.a(lib_a-fseek.o)
                0x0000000000004990                _fseek_r
 .text._fseeko_r
                0x0000000000004994      0x118 /usr/bin/../lib/gcc/arm-none-eabi/4.9.3/../../../../arm-none-eabi/lib/armv7-m/libc_nano.a(lib_a-fseeko.o)
                0x0000000000004994                _fseeko_r
 .text._fwalk   0x0000000000004aac       0x38 /usr/bin/../lib/gcc/arm-none-eabi/4.9.3/../../../../arm-none-eabi/lib/armv7-m/libc_nano.a(lib_a-fwalk.o)
                0x0000000000004aac                _fwalk
 .text._fwalk_reent
                0x0000000000004ae4       0x3c /usr/bin/../lib/gcc/arm-none-eabi/4.9.3/../../../../arm-none-eabi/lib/armv7-m/libc_nano.a(lib_a-fwalk.o)
                0x0000000000004ae4                _fwalk_reent
 .text.__libc_init_array
                0x0000000000004b20       0x4c /usr/bin/../lib/gcc/arm-none-eabi/4.9.3/../../../../arm-none-eabi/lib/armv7-m/libc_nano.a(lib_a-init.o)
                0x0000000000004b20                __libc_init_array
 .text.__smakebuf_r
                0x0000000000004b6c       0x98 /usr/bin/../lib/gcc/arm-none-eabi/4.9.3/../../../../arm-none-eabi/lib/armv7-m/libc_nano.a(lib_a-makebuf.o)
                0x0000000000004b6c                __smakebuf_r
 .text.malloc   0x0000000000004c04       0x10 /usr/bin/../lib/gcc/arm-none-eabi/4.9.3/../../../../arm-none-eabi/lib/armv7-m/libc_nano.a(lib_a-malloc.o)
                0x0000000000004c04                malloc
 .text.free     0x0000000000004c14       0x10 /usr/bin/../lib/gcc/arm-none-eabi/4.9.3/../../../../arm-none-eabi/lib/armv7-m/libc_nano.a(lib_a-malloc.o)
                0x0000000000004c14                free
 .text.memchr   0x0000000000004c24       0x1c /usr/bin/../lib/gcc/arm-none-eabi/4.9.3/../../../../arm-none-eabi/lib/armv7-m/libc_nano.a(lib_a-memchr.o)
                0x0000000000004c24                memchr
 .text.memcpy   0x0000000000004c40       0x16 /usr/bin/../lib/gcc/arm-none-eabi/4.9.3/../../../../arm-none-eabi/lib/armv7-m/libc_nano.a(lib_a-memcpy.o)
                0x0000000000004c40                memcpy
 .text.memset   0x0000000000004c56       0x10 /usr/bin/../lib/gcc/arm-none-eabi/4.9.3/../../../../arm-none-eabi/lib/armv7-m/libc_nano.a(lib_a-memset.o)
                0x0000000000004c56                memset
 *fill*         0x0000000000004c66        0x2 
 .text._free_r  0x0000000000004c68       0x88 /usr/bin/../lib/gcc/arm-none-eabi/4.9.3/../../../../arm-none-eabi/lib/armv7-m/libc_nano.a(lib_a-nano-freer.o)
                0x0000000000004c68                _free_r
 .text._malloc_r
                0x0000000000004cf0       0xac /usr/bin/../lib/gcc/arm-none-eabi/4.9.3/../../../../arm-none-eabi/lib/armv7-m/libc_nano.a(lib_a-nano-mallocr.o)
                0x0000000000004cf0                _malloc_r
 .text.__sfputc_r
                0x0000000000004d9c       0x2c /usr/bin/../lib/gcc/arm-none-eabi/4.9.3/../../../../arm-none-eabi/lib/armv7-m/libc_nano.a(lib_a-nano-vfprintf.o)
 .text.__sfputs_r
                0x0000000000004dc8       0x24 /usr/bin/../lib/gcc/arm-none-eabi/4.9.3/../../../../arm-none-eabi/lib/armv7-m/libc_nano.a(lib_a-nano-vfprintf.o)
                0x0000000000004dc8                __sfputs_r
 .text._vfprintf_r
                0x0000000000004dec      0x210 /usr/bin/../lib/gcc/arm-none-eabi/4.9.3/../../../../arm-none-eabi/lib/armv7-m/libc_nano.a(lib_a-nano-vfprintf.o)
                0x0000000000004dec                _vfiprintf_r
                0x0000000000004dec                _vfprintf_r
 .text.vfprintf
                0x0000000000004ffc       0x1c /usr/bin/../lib/gcc/arm-none-eabi/4.9.3/../../../../arm-none-eabi/lib/armv7-m/libc_nano.a(lib_a-nano-vfprintf.o)
                0x0000000000004ffc                vfiprintf
                0x0000000000004ffc                vfprintf
 .text.__cvt    0x0000000000005018       0xbc /usr/bin/../lib/gcc/arm-none-eabi/4.9.3/../../../../arm-none-eabi/lib/armv7-m/libc_nano.a(lib_a-nano-vfprintf_float.o)
                0x0000000000005018                __cvt
 .text.__exponent
                0x00000000000050d4       0x62 /usr/bin/../lib/gcc/arm-none-eabi/4.9.3/../../../../arm-none-eabi/lib/armv7-m/libc_nano.a(lib_a-nano-vfprintf_float.o)
                0x00000000000050d4                __exponent
 *fill*         0x0000000000005136        0x2 
 .text._printf_float
                0x0000000000005138      0x48c /usr/bin/../lib/gcc/arm-none-eabi/4.9.3/../../../../arm-none-eabi/lib/armv7-m/libc_nano.a(lib_a-nano-vfprintf_float.o)
                0x0000000000005138                _printf_float
 .text._printf_common
                0x00000000000055c4       0xea /usr/bin/../lib/gcc/arm-none-eabi/4.9.3/../../../../arm-none-eabi/lib/armv7-m/libc_nano.a(lib_a-nano-vfprintf_i.o)
                0x00000000000055c4                _printf_common
 *fill*         0x00000000000056ae        0x2 
 .text._printf_i
                0x00000000000056b0      0x240 /usr/bin/../lib/gcc/arm-none-eabi/4.9.3/../../../../arm-none-eabi/lib/armv7-m/libc_nano.a(lib_a-nano-vfprintf_i.o)
                0x00000000000056b0                _printf_i
 .text._scanf_float
                0x00000000000058f0      0x3cc /usr/bin/../lib/gcc/arm-none-eabi/4.9.3/../../../../arm-none-eabi/lib/armv7-m/libc_nano.a(lib_a-nano-vfscanf_float.o)
                0x00000000000058f0                _scanf_float
 .text._scanf_chars
                0x0000000000005cbc       0xbc /usr/bin/../lib/gcc/arm-none-eabi/4.9.3/../../../../arm-none-eabi/lib/armv7-m/libc_nano.a(lib_a-nano-vfscanf_i.o)
                0x0000000000005cbc                _scanf_chars
 .text._scanf_i
                0x0000000000005d78      0x1e4 /usr/bin/../lib/gcc/arm-none-eabi/4.9.3/../../../../arm-none-eabi/lib/armv7-m/libc_nano.a(lib_a-nano-vfscanf_i.o)
                0x0000000000005d78                _scanf_i
 .text._open_r  0x0000000000005f5c       0x24 /usr/bin/../lib/gcc/arm-none-eabi/4.9.3/../../../../arm-none-eabi/lib/armv7-m/libc_nano.a(lib_a-openr.o)
                0x0000000000005f5c                _open_r
 .text.lflush   0x0000000000005f80       0x12 /usr/bin/../lib/gcc/arm-none-eabi/4.9.3/../../../../arm-none-eabi/lib/armv7-m/libc_nano.a(lib_a-refill.o)
 *fill*         0x0000000000005f92        0x2 
 .text.__srefill_r
                0x0000000000005f94      0x10c /usr/bin/../lib/gcc/arm-none-eabi/4.9.3/../../../../arm-none-eabi/lib/armv7-m/libc_nano.a(lib_a-refill.o)
                0x0000000000005f94                __srefill_r
 .text._sbrk_r  0x00000000000060a0       0x20 /usr/bin/../lib/gcc/arm-none-eabi/4.9.3/../../../../arm-none-eabi/lib/armv7-m/libc_nano.a(lib_a-sbrkr.o)
                0x00000000000060a0                _sbrk_r
 .text.__sccl   0x00000000000060c0       0x62 /usr/bin/../lib/gcc/arm-none-eabi/4.9.3/../../../../arm-none-eabi/lib/armv7-m/libc_nano.a(lib_a-sccl.o)
                0x00000000000060c0                __sccl
 .text.setbuf   0x0000000000006122       0x10 /usr/bin/../lib/gcc/arm-none-eabi/4.9.3/../../../../arm-none-eabi/lib/armv7-m/libc_nano.a(lib_a-setbuf.o)
                0x0000000000006122                setbuf
 *fill*         0x0000000000006132        0x2 
 .text.setvbuf  0x0000000000006134      0x110 /usr/bin/../lib/gcc/arm-none-eabi/4.9.3/../../../../arm-none-eabi/lib/armv7-m/libc_nano.a(lib_a-setvbuf.o)
                0x0000000000006134                setvbuf
 .text.nanf     0x0000000000006244        0x8 /usr/bin/../lib/gcc/arm-none-eabi/4.9.3/../../../../arm-none-eabi/lib/armv7-m/libc_nano.a(lib_a-sf_nan.o)
                0x0000000000006244                nanf
 .text._raise_r
                0x000000000000624c       0x50 /usr/bin/../lib/gcc/arm-none-eabi/4.9.3/../../../../arm-none-eabi/lib/armv7-m/libc_nano.a(lib_a-signal.o)
                0x000000000000624c                _raise_r
 .text.raise    0x000000000000629c       0x10 /usr/bin/../lib/gcc/arm-none-eabi/4.9.3/../../../../arm-none-eabi/lib/armv7-m/libc_nano.a(lib_a-signal.o)
                0x000000000000629c                raise
 .text._kill_r  0x00000000000062ac       0x24 /usr/bin/../lib/gcc/arm-none-eabi/4.9.3/../../../../arm-none-eabi/lib/armv7-m/libc_nano.a(lib_a-signalr.o)
                0x00000000000062ac                _kill_r
 .text._getpid_r
                0x00000000000062d0        0x4 /usr/bin/../lib/gcc/arm-none-eabi/4.9.3/../../../../arm-none-eabi/lib/armv7-m/libc_nano.a(lib_a-signalr.o)
                0x00000000000062d0                _getpid_r
 .text.sprintf  0x00000000000062d4       0x48 /usr/bin/../lib/gcc/arm-none-eabi/4.9.3/../../../../arm-none-eabi/lib/armv7-m/libc_nano.a(lib_a-sprintf.o)
                0x00000000000062d4                sprintf
                0x00000000000062d4                siprintf
 .text.sscanf   0x000000000000631c       0x54 /usr/bin/../lib/gcc/arm-none-eabi/4.9.3/../../../../arm-none-eabi/lib/armv7-m/libc_nano.a(lib_a-sscanf.o)
                0x000000000000631c                sscanf
                0x000000000000631c                siscanf
 .text.__sread  0x0000000000006370       0x22 /usr/bin/../lib/gcc/arm-none-eabi/4.9.3/../../../../arm-none-eabi/lib/armv7-m/libc_nano.a(lib_a-stdio.o)
                0x0000000000006370                __sread
 .text.__seofread
                0x0000000000006392        0x4 /usr/bin/../lib/gcc/arm-none-eabi/4.9.3/../../../../arm-none-eabi/lib/armv7-m/libc_nano.a(lib_a-stdio.o)
                0x0000000000006392                __seofread
 .text.__swrite
                0x0000000000006396       0x38 /usr/bin/../lib/gcc/arm-none-eabi/4.9.3/../../../../arm-none-eabi/lib/armv7-m/libc_nano.a(lib_a-stdio.o)
                0x0000000000006396                __swrite
 .text.__sseek  0x00000000000063ce       0x24 /usr/bin/../lib/gcc/arm-none-eabi/4.9.3/../../../../arm-none-eabi/lib/armv7-m/libc_nano.a(lib_a-stdio.o)
                0x00000000000063ce                __sseek
 .text.__sclose
                0x00000000000063f2        0x8 /usr/bin/../lib/gcc/arm-none-eabi/4.9.3/../../../../arm-none-eabi/lib/armv7-m/libc_nano.a(lib_a-stdio.o)
                0x00000000000063f2                __sclose
 .text          0x00000000000063fa       0x14 /usr/bin/../lib/gcc/arm-none-eabi/4.9.3/../../../../arm-none-eabi/lib/armv7-m/libc_nano.a(lib_a-strcmp.o)
                0x00000000000063fa                strcmp
 .text.strcpy   0x000000000000640e       0x10 /usr/bin/../lib/gcc/arm-none-eabi/4.9.3/../../../../arm-none-eabi/lib/armv7-m/libc_nano.a(lib_a-strcpy.o)
                0x000000000000640e                strcpy
 .text.strlen   0x000000000000641e       0x10 /usr/bin/../lib/gcc/arm-none-eabi/4.9.3/../../../../arm-none-eabi/lib/armv7-m/libc_nano.a(lib_a-strlen.o)
                0x000000000000641e                strlen
 .text.strncmp  0x000000000000642e       0x32 /usr/bin/../lib/gcc/arm-none-eabi/4.9.3/../../../../arm-none-eabi/lib/armv7-m/libc_nano.a(lib_a-strncmp.o)
                0x000000000000642e                strncmp
 .text.match    0x0000000000006460       0x26 /usr/bin/../lib/gcc/arm-none-eabi/4.9.3/../../../../arm-none-eabi/lib/armv7-m/libc_nano.a(lib_a-strtod.o)
 .text.sulp     0x0000000000006486       0x42 /usr/bin/../lib/gcc/arm-none-eabi/4.9.3/../../../../arm-none-eabi/lib/armv7-m/libc_nano.a(lib_a-strtod.o)
 .text._strtod_r
                0x00000000000064c8      0xc3c /usr/bin/../lib/gcc/arm-none-eabi/4.9.3/../../../../arm-none-eabi/lib/armv7-m/libc_nano.a(lib_a-strtod.o)
                0x00000000000064c8                _strtod_r
 .text.strtod   0x0000000000007104       0x14 /usr/bin/../lib/gcc/arm-none-eabi/4.9.3/../../../../arm-none-eabi/lib/armv7-m/libc_nano.a(lib_a-strtod.o)
                0x0000000000007104                strtod
 .text._strtol_r
                0x0000000000007118      0x10c /usr/bin/../lib/gcc/arm-none-eabi/4.9.3/../../../../arm-none-eabi/lib/armv7-m/libc_nano.a(lib_a-strtol.o)
                0x0000000000007118                _strtol_r
 .text.strtol   0x0000000000007224       0x1c /usr/bin/../lib/gcc/arm-none-eabi/4.9.3/../../../../arm-none-eabi/lib/armv7-m/libc_nano.a(lib_a-strtol.o)
                0x0000000000007224                strtol
 .text._strtoul_r
                0x0000000000007240       0xf8 /usr/bin/../lib/gcc/arm-none-eabi/4.9.3/../../../../arm-none-eabi/lib/armv7-m/libc_nano.a(lib_a-strtoul.o)
                0x0000000000007240                _strtoul_r
 .text.__submore
                0x0000000000007338       0x72 /usr/bin/../lib/gcc/arm-none-eabi/4.9.3/../../../../arm-none-eabi/lib/armv7-m/libc_nano.a(lib_a-ungetc.o)
                0x0000000000007338                __submore
 *fill*         0x00000000000073aa        0x2 
 .text.__swbuf_r
                0x00000000000073ac       0xa8 /usr/bin/../lib/gcc/arm-none-eabi/4.9.3/../../../../arm-none-eabi/lib/armv7-m/libc_nano.a(lib_a-wbuf.o)
                0x00000000000073ac                __swbuf_r
 .text._write_r
                0x0000000000007454       0x24 /usr/bin/../lib/gcc/arm-none-eabi/4.9.3/../../../../arm-none-eabi/lib/armv7-m/libc_nano.a(lib_a-writer.o)
                0x0000000000007454                _write_r
 .text.__swsetup_r
                0x0000000000007478       0xd8 /usr/bin/../lib/gcc/arm-none-eabi/4.9.3/../../../../arm-none-eabi/lib/armv7-m/libc_nano.a(lib_a-wsetup.o)
                0x0000000000007478                __swsetup_r
 .text._close_r
                0x0000000000007550       0x20 /usr/bin/../lib/gcc/arm-none-eabi/4.9.3/../../../../arm-none-eabi/lib/armv7-m/libc_nano.a(lib_a-closer.o)
                0x0000000000007550                _close_r
 .text.quorem   0x0000000000007570      0x114 /usr/bin/../lib/gcc/arm-none-eabi/4.9.3/../../../../arm-none-eabi/lib/armv7-m/libc_nano.a(lib_a-dtoa.o)
 *fill*         0x0000000000007684        0x4 
 .text._dtoa_r  0x0000000000007688      0xb74 /usr/bin/../lib/gcc/arm-none-eabi/4.9.3/../../../../arm-none-eabi/lib/armv7-m/libc_nano.a(lib_a-dtoa.o)
                0x0000000000007688                _dtoa_r
 .text.__sflags
                0x00000000000081fc       0x6e /usr/bin/../lib/gcc/arm-none-eabi/4.9.3/../../../../arm-none-eabi/lib/armv7-m/libc_nano.a(lib_a-flags.o)
                0x00000000000081fc                __sflags
 *fill*         0x000000000000826a        0x2 
 .text._fstat_r
                0x000000000000826c       0x24 /usr/bin/../lib/gcc/arm-none-eabi/4.9.3/../../../../arm-none-eabi/lib/armv7-m/libc_nano.a(lib_a-fstatr.o)
                0x000000000000826c                _fstat_r
 .text.rshift   0x0000000000008290       0x6c /usr/bin/../lib/gcc/arm-none-eabi/4.9.3/../../../../arm-none-eabi/lib/armv7-m/libc_nano.a(lib_a-gdtoa-gethex.o)
 .text.__hexdig_fun
                0x00000000000082fc       0x2a /usr/bin/../lib/gcc/arm-none-eabi/4.9.3/../../../../arm-none-eabi/lib/armv7-m/libc_nano.a(lib_a-gdtoa-gethex.o)
                0x00000000000082fc                __hexdig_fun
 .text.__gethex
                0x0000000000008326      0x44a /usr/bin/../lib/gcc/arm-none-eabi/4.9.3/../../../../arm-none-eabi/lib/armv7-m/libc_nano.a(lib_a-gdtoa-gethex.o)
                0x0000000000008326                __gethex
 .text.L_shift  0x0000000000008770       0x24 /usr/bin/../lib/gcc/arm-none-eabi/4.9.3/../../../../arm-none-eabi/lib/armv7-m/libc_nano.a(lib_a-gdtoa-hexnan.o)
 .text.__hexnan
                0x0000000000008794      0x114 /usr/bin/../lib/gcc/arm-none-eabi/4.9.3/../../../../arm-none-eabi/lib/armv7-m/libc_nano.a(lib_a-gdtoa-hexnan.o)
                0x0000000000008794                __hexnan
 .text._isatty_r
                0x00000000000088a8       0x20 /usr/bin/../lib/gcc/arm-none-eabi/4.9.3/../../../../arm-none-eabi/lib/armv7-m/libc_nano.a(lib_a-isattyr.o)
                0x00000000000088a8                _isatty_r
 .text._localeconv_r
                0x00000000000088c8        0x8 /usr/bin/../lib/gcc/arm-none-eabi/4.9.3/../../../../arm-none-eabi/lib/armv7-m/libc_nano.a(lib_a-locale.o)
                0x00000000000088c8                _localeconv_r
 .text._lseek_r
                0x00000000000088d0       0x24 /usr/bin/../lib/gcc/arm-none-eabi/4.9.3/../../../../arm-none-eabi/lib/armv7-m/libc_nano.a(lib_a-lseekr.o)
                0x00000000000088d0                _lseek_r
 .text.memmove  0x00000000000088f4       0x36 /usr/bin/../lib/gcc/arm-none-eabi/4.9.3/../../../../arm-none-eabi/lib/armv7-m/libc_nano.a(lib_a-memmove.o)
                0x00000000000088f4                memmove
 .text._Balloc  0x000000000000892a       0x6a /usr/bin/../lib/gcc/arm-none-eabi/4.9.3/../../../../arm-none-eabi/lib/armv7-m/libc_nano.a(lib_a-mprec.o)
                0x000000000000892a                _Balloc
 .text._Bfree   0x0000000000008994       0x2e /usr/bin/../lib/gcc/arm-none-eabi/4.9.3/../../../../arm-none-eabi/lib/armv7-m/libc_nano.a(lib_a-mprec.o)
                0x0000000000008994                _Bfree
 .text.__multadd
                0x00000000000089c2       0x7c /usr/bin/../lib/gcc/arm-none-eabi/4.9.3/../../../../arm-none-eabi/lib/armv7-m/libc_nano.a(lib_a-mprec.o)
                0x00000000000089c2                __multadd
 .text.__s2b    0x0000000000008a3e       0x80 /usr/bin/../lib/gcc/arm-none-eabi/4.9.3/../../../../arm-none-eabi/lib/armv7-m/libc_nano.a(lib_a-mprec.o)
                0x0000000000008a3e                __s2b
 .text.__hi0bits
                0x0000000000008abe       0x40 /usr/bin/../lib/gcc/arm-none-eabi/4.9.3/../../../../arm-none-eabi/lib/armv7-m/libc_nano.a(lib_a-mprec.o)
                0x0000000000008abe                __hi0bits
 .text.__lo0bits
                0x0000000000008afe       0x5a /usr/bin/../lib/gcc/arm-none-eabi/4.9.3/../../../../arm-none-eabi/lib/armv7-m/libc_nano.a(lib_a-mprec.o)
                0x0000000000008afe                __lo0bits
 .text.__i2b    0x0000000000008b58       0x12 /usr/bin/../lib/gcc/arm-none-eabi/4.9.3/../../../../arm-none-eabi/lib/armv7-m/libc_nano.a(lib_a-mprec.o)
                0x0000000000008b58                __i2b
 .text.__multiply
                0x0000000000008b6a      0x120 /usr/bin/../lib/gcc/arm-none-eabi/4.9.3/../../../../arm-none-eabi/lib/armv7-m/libc_nano.a(lib_a-mprec.o)
                0x0000000000008b6a                __multiply
 *fill*         0x0000000000008c8a        0x2 
 .text.__pow5mult
                0x0000000000008c8c       0x9c /usr/bin/../lib/gcc/arm-none-eabi/4.9.3/../../../../arm-none-eabi/lib/armv7-m/libc_nano.a(lib_a-mprec.o)
                0x0000000000008c8c                __pow5mult
 .text.__lshift
                0x0000000000008d28       0xa6 /usr/bin/../lib/gcc/arm-none-eabi/4.9.3/../../../../arm-none-eabi/lib/armv7-m/libc_nano.a(lib_a-mprec.o)
                0x0000000000008d28                __lshift
 .text.__mcmp   0x0000000000008dce       0x38 /usr/bin/../lib/gcc/arm-none-eabi/4.9.3/../../../../arm-none-eabi/lib/armv7-m/libc_nano.a(lib_a-mprec.o)
                0x0000000000008dce                __mcmp
 .text.__mdiff  0x0000000000008e06       0xbe /usr/bin/../lib/gcc/arm-none-eabi/4.9.3/../../../../arm-none-eabi/lib/armv7-m/libc_nano.a(lib_a-mprec.o)
                0x0000000000008e06                __mdiff
 .text.__ulp    0x0000000000008ec4       0x48 /usr/bin/../lib/gcc/arm-none-eabi/4.9.3/../../../../arm-none-eabi/lib/armv7-m/libc_nano.a(lib_a-mprec.o)
                0x0000000000008ec4                __ulp
 .text.__b2d    0x0000000000008f0c       0x9e /usr/bin/../lib/gcc/arm-none-eabi/4.9.3/../../../../arm-none-eabi/lib/armv7-m/libc_nano.a(lib_a-mprec.o)
                0x0000000000008f0c                __b2d
 .text.__d2b    0x0000000000008faa       0xa4 /usr/bin/../lib/gcc/arm-none-eabi/4.9.3/../../../../arm-none-eabi/lib/armv7-m/libc_nano.a(lib_a-mprec.o)
                0x0000000000008faa                __d2b
 .text.__ratio  0x000000000000904e       0x50 /usr/bin/../lib/gcc/arm-none-eabi/4.9.3/../../../../arm-none-eabi/lib/armv7-m/libc_nano.a(lib_a-mprec.o)
                0x000000000000904e                __ratio
 .text.__copybits
                0x000000000000909e       0x34 /usr/bin/../lib/gcc/arm-none-eabi/4.9.3/../../../../arm-none-eabi/lib/armv7-m/libc_nano.a(lib_a-mprec.o)
                0x000000000000909e                __copybits
 .text.__any_on
                0x00000000000090d2       0x44 /usr/bin/../lib/gcc/arm-none-eabi/4.9.3/../../../../arm-none-eabi/lib/armv7-m/libc_nano.a(lib_a-mprec.o)
                0x00000000000090d2                __any_on
 .text._calloc_r
                0x0000000000009116       0x1c /usr/bin/../lib/gcc/arm-none-eabi/4.9.3/../../../../arm-none-eabi/lib/armv7-m/libc_nano.a(lib_a-nano-callocr.o)
                0x0000000000009116                _calloc_r
 .text._realloc_r
                0x0000000000009132       0x4c /usr/bin/../lib/gcc/arm-none-eabi/4.9.3/../../../../arm-none-eabi/lib/armv7-m/libc_nano.a(lib_a-nano-reallocr.o)
                0x0000000000009132                _realloc_r
 .text.__ssputs_r
                0x000000000000917e       0xb2 /usr/bin/../lib/gcc/arm-none-eabi/4.9.3/../../../../arm-none-eabi/lib/armv7-m/libc_nano.a(lib_a-nano-svfprintf.o)
                0x000000000000917e                __ssputs_r
 .text._svfprintf_r
                0x0000000000009230      0x1e4 /usr/bin/../lib/gcc/arm-none-eabi/4.9.3/../../../../arm-none-eabi/lib/armv7-m/libc_nano.a(lib_a-nano-svfprintf.o)
                0x0000000000009230                _svfprintf_r
                0x0000000000009230                _svfiprintf_r
 .text._sungetc_r
                0x0000000000009414       0x7a /usr/bin/../lib/gcc/arm-none-eabi/4.9.3/../../../../arm-none-eabi/lib/armv7-m/libc_nano.a(lib_a-nano-svfscanf.o)
                0x0000000000009414                _sungetc_r
 .text.__ssrefill_r
                0x000000000000948e       0x3a /usr/bin/../lib/gcc/arm-none-eabi/4.9.3/../../../../arm-none-eabi/lib/armv7-m/libc_nano.a(lib_a-nano-svfscanf.o)
                0x000000000000948e                __ssrefill_r
 .text.__ssvfscanf_r
                0x00000000000094c8      0x29c /usr/bin/../lib/gcc/arm-none-eabi/4.9.3/../../../../arm-none-eabi/lib/armv7-m/libc_nano.a(lib_a-nano-svfscanf.o)
                0x00000000000094c8                __ssvfscanf_r
                0x00000000000094c8                __ssvfiscanf_r
 .text._read_r  0x0000000000009764       0x24 /usr/bin/../lib/gcc/arm-none-eabi/4.9.3/../../../../arm-none-eabi/lib/armv7-m/libc_nano.a(lib_a-readr.o)
                0x0000000000009764                _read_r
 .text._malloc_usable_size_r
                0x0000000000009788       0x14 /usr/bin/../lib/gcc/arm-none-eabi/4.9.3/../../../../arm-none-eabi/lib/armv7-m/libc_nano.a(lib_a-nano-msizer.o)
                0x0000000000009788                _malloc_usable_size_r
 .text          0x000000000000979c      0x370 /usr/bin/../lib/gcc/arm-none-eabi/4.9.3/armv7-m/libgcc.a(_arm_addsubdf3.o)
                0x000000000000979c                __aeabi_drsub
                0x00000000000097a4                __aeabi_dsub
                0x00000000000097a4                __subdf3
                0x00000000000097a8                __adddf3
                0x00000000000097a8                __aeabi_dadd
                0x0000000000009a20                __aeabi_ui2d
                0x0000000000009a20                __floatunsidf
                0x0000000000009a40                __floatsidf
                0x0000000000009a40                __aeabi_i2d
                0x0000000000009a64                __extendsfdf2
                0x0000000000009a64                __aeabi_f2d
                0x0000000000009aa0                __aeabi_ul2d
                0x0000000000009aa0                __floatundidf
                0x0000000000009ab0                __floatdidf
                0x0000000000009ab0                __aeabi_l2d
 .text          0x0000000000009b0c      0x424 /usr/bin/../lib/gcc/arm-none-eabi/4.9.3/armv7-m/libgcc.a(_arm_muldivdf3.o)
                0x0000000000009b0c                __aeabi_dmul
                0x0000000000009b0c                __muldf3
                0x0000000000009d60                __aeabi_ddiv
                0x0000000000009d60                __divdf3
 .text          0x0000000000009f30      0x110 /usr/bin/../lib/gcc/arm-none-eabi/4.9.3/armv7-m/libgcc.a(_arm_cmpdf2.o)
                0x0000000000009f30                __gtdf2
                0x0000000000009f30                __gedf2
                0x0000000000009f38                __ltdf2
                0x0000000000009f38                __ledf2
                0x0000000000009f40                __cmpdf2
                0x0000000000009f40                __eqdf2
                0x0000000000009f40                __nedf2
                0x0000000000009fbc                __aeabi_cdrcmple
                0x0000000000009fcc                __aeabi_cdcmple
                0x0000000000009fcc                __aeabi_cdcmpeq
                0x0000000000009fdc                __aeabi_dcmpeq
                0x0000000000009ff0                __aeabi_dcmplt
                0x000000000000a004                __aeabi_dcmple
                0x000000000000a018                __aeabi_dcmpge
                0x000000000000a02c                __aeabi_dcmpgt
 .text          0x000000000000a040       0x50 /usr/bin/../lib/gcc/arm-none-eabi/4.9.3/armv7-m/libgcc.a(_arm_fixdfsi.o)
                0x000000000000a040                __fixdfsi
                0x000000000000a040                __aeabi_d2iz
 .text          0x000000000000a090       0x40 /usr/bin/../lib/gcc/arm-none-eabi/4.9.3/armv7-m/libgcc.a(_arm_fixunsdfsi.o)
                0x000000000000a090                __fixunsdfsi
                0x000000000000a090                __aeabi_d2uiz
 .text          0x000000000000a0d0       0xa0 /usr/bin/../lib/gcc/arm-none-eabi/4.9.3/armv7-m/libgcc.a(_arm_truncdfsf2.o)
                0x000000000000a0d0                __aeabi_d2f
                0x000000000000a0d0                __truncdfsf2
 .text          0x000000000000a170      0x21c /usr/bin/../lib/gcc/arm-none-eabi/4.9.3/armv7-m/libgcc.a(_arm_addsubsf3.o)
                0x000000000000a170                __aeabi_frsub
                0x000000000000a178                __subsf3
                0x000000000000a178                __aeabi_fsub
                0x000000000000a17c                __aeabi_fadd
                0x000000000000a17c                __addsf3
                0x000000000000a2dc                __aeabi_ui2f
                0x000000000000a2dc                __floatunsisf
                0x000000000000a2e4                __aeabi_i2f
                0x000000000000a2e4                __floatsisf
                0x000000000000a300                __floatundisf
                0x000000000000a300                __aeabi_ul2f
                0x000000000000a310                __floatdisf
                0x000000000000a310                __aeabi_l2f
 .text          0x000000000000a38c      0x2a0 /usr/bin/../lib/gcc/arm-none-eabi/4.9.3/armv7-m/libgcc.a(_arm_muldivsf3.o)
                0x000000000000a38c                __mulsf3
                0x000000000000a38c                __aeabi_fmul
                0x000000000000a4f4                __divsf3
                0x000000000000a4f4                __aeabi_fdiv
 .text          0x000000000000a62c       0xec /usr/bin/../lib/gcc/arm-none-eabi/4.9.3/armv7-m/libgcc.a(_arm_cmpsf2.o)
                0x000000000000a62c                __gtsf2
                0x000000000000a62c                __gesf2
                0x000000000000a634                __lesf2
                0x000000000000a634                __ltsf2
                0x000000000000a63c                __nesf2
                0x000000000000a63c                __eqsf2
                0x000000000000a63c                __cmpsf2
                0x000000000000a69c                __aeabi_cfrcmple
                0x000000000000a6a4                __aeabi_cfcmple
                0x000000000000a6a4                __aeabi_cfcmpeq
                0x000000000000a6b4                __aeabi_fcmpeq
                0x000000000000a6c8                __aeabi_fcmplt
                0x000000000000a6dc                __aeabi_fcmple
                0x000000000000a6f0                __aeabi_fcmpge
                0x000000000000a704                __aeabi_fcmpgt
 .text          0x000000000000a718       0x4c /usr/bin/../lib/gcc/arm-none-eabi/4.9.3/armv7-m/libgcc.a(_arm_fixsfsi.o)
                0x000000000000a718                __fixsfsi
                0x000000000000a718                __aeabi_f2iz
 .text._getpid  0x000000000000a764       0x10 /usr/bin/../lib/gcc/arm-none-eabi/4.9.3/../../../../arm-none-eabi/lib/armv7-m/libnosys.a(getpid.o)
                0x000000000000a764                _getpid
 .text._kill    0x000000000000a774       0x10 /usr/bin/../lib/gcc/arm-none-eabi/4.9.3/../../../../arm-none-eabi/lib/armv7-m/libnosys.a(kill.o)
                0x000000000000a774                _kill
 *(.init)
 .init          0x000000000000a784        0x4 /usr/bin/../lib/gcc/arm-none-eabi/4.9.3/armv7-m/crti.o
                0x000000000000a784                _init
 .init          0x000000000000a788        0x8 /usr/bin/../lib/gcc/arm-none-eabi/4.9.3/armv7-m/crtn.o
 *(.fini)
 .fini          0x000000000000a790        0x4 /usr/bin/../lib/gcc/arm-none-eabi/4.9.3/armv7-m/crti.o
                0x000000000000a790                _fini
 .fini          0x000000000000a794        0x8 /usr/bin/../lib/gcc/arm-none-eabi/4.9.3/armv7-m/crtn.o
 *crtbegin.o(.ctors)
 *crtbegin?.o(.ctors)
 *(EXCLUDE_FILE(*crtend.o *crtend?.o) .ctors)
 *(SORT(.ctors.*))
 *(.ctors)
 *crtbegin.o(.dtors)
 *crtbegin?.o(.dtors)
 *(EXCLUDE_FILE(*crtend.o *crtend?.o) .dtors)
 *(SORT(.dtors.*))
 *(.dtors)
 *(.rodata*)
 .rodata._ZZN4mbed11RPCVariableIfE15get_rpc_methodsEvE11rpc_methods
                0x000000000000a79c       0x18 main.o
                0x000000000000a79c                mbed::RPCVariable<float>::get_rpc_methods()::rpc_methods
 .rodata._ZZN4mbed11RPCVariableIiE15get_rpc_methodsEvE11rpc_methods
                0x000000000000a7b4       0x18 main.o
                0x000000000000a7b4                mbed::RPCVariable<int>::get_rpc_methods()::rpc_methods
 *fill*         0x000000000000a7cc        0x4 
 .rodata._ZTVN4mbed11RPCVariableIfEE
                0x000000000000a7d0       0x14 main.o
                0x000000000000a7d0                vtable for mbed::RPCVariable<float>
 *fill*         0x000000000000a7e4        0x4 
 .rodata._ZTVN4mbed11RPCVariableIiEE
                0x000000000000a7e8       0x14 main.o
                0x000000000000a7e8                vtable for mbed::RPCVariable<int>
 .rodata.str1.1
                0x000000000000a7fc       0x44 main.o
 .rodata.str1.1
                0x000000000000a840        0x4 RPCInterface/SerialRPCInterface.o
 .rodata.str1.1
                0x000000000000a844        0xf RPCInterface/mbed-rpc/Arguments.o
 .rodata.str1.1
                0x000000000000a853       0x1f RPCInterface/mbed-rpc/rpc.o
 *fill*         0x000000000000a872        0x2 
 .rodata._ZZN4mbed3RPC15get_rpc_methodsEvE7methods
                0x000000000000a874       0x10 RPCInterface/mbed-rpc/rpc.o
 .rodata._ZN4mbed3RPC10_RPC_funcsE
                0x000000000000a884       0x18 RPCInterface/mbed-rpc/rpc.o
                0x000000000000a884                mbed::RPC::_RPC_funcs
 *fill*         0x000000000000a89c        0x4 
 .rodata._ZTVN4mbed3RPCE
                0x000000000000a8a0       0x14 RPCInterface/mbed-rpc/rpc.o
                0x000000000000a8a0                vtable for mbed::RPC
 .rodata.str1.4
                0x000000000000a8b4       0x80 mbed/TARGET_LPC1768/TOOLCHAIN_GCC_ARM/board.o
 .rodata.__stdin_name
                0x000000000000a934        0x7 mbed/TARGET_LPC1768/TOOLCHAIN_GCC_ARM/retarget.o
                0x000000000000a934                __stdin_name
 *fill*         0x000000000000a93b        0x1 
 .rodata.__stderr_name
                0x000000000000a93c        0x8 mbed/TARGET_LPC1768/TOOLCHAIN_GCC_ARM/retarget.o
                0x000000000000a93c                __stderr_name
 .rodata.__stdout_name
                0x000000000000a944        0x8 mbed/TARGET_LPC1768/TOOLCHAIN_GCC_ARM/retarget.o
                0x000000000000a944                __stdout_name
 *fill*         0x000000000000a94c        0x4 
 .rodata._ZTVN4mbed10FileHandleE
                0x000000000000a950       0x2c mbed/TARGET_LPC1768/TOOLCHAIN_GCC_ARM/retarget.o
                0x000000000000a950                vtable for mbed::FileHandle
 .rodata.str1.4
                0x000000000000a97c        0xe mbed/TARGET_LPC1768/TOOLCHAIN_GCC_ARM/retarget.o
 *fill*         0x000000000000a98a        0x2 
 .rodata.str1.4
                0x000000000000a98c       0x2d ./mbed/TARGET_LPC1768/TOOLCHAIN_GCC_ARM/libmbed.a(gpio_irq_api.o)
 *fill*         0x000000000000a9b9        0x3 
 .rodata.PinMap_UART_RTS
                0x000000000000a9bc       0x24 ./mbed/TARGET_LPC1768/TOOLCHAIN_GCC_ARM/libmbed.a(serial_api.o)
 .rodata.CSWTCH.24
                0x000000000000a9e0       0x10 ./mbed/TARGET_LPC1768/TOOLCHAIN_GCC_ARM/libmbed.a(serial_api.o)
 .rodata.PinMap_UART_RX
                0x000000000000a9f0       0x6c ./mbed/TARGET_LPC1768/TOOLCHAIN_GCC_ARM/libmbed.a(serial_api.o)
 .rodata.str1.4
                0x000000000000aa5c      0x164 ./mbed/TARGET_LPC1768/TOOLCHAIN_GCC_ARM/libmbed.a(serial_api.o)
 .rodata.PinMap_UART_TX
                0x000000000000abc0       0x6c ./mbed/TARGET_LPC1768/TOOLCHAIN_GCC_ARM/libmbed.a(serial_api.o)
 .rodata.PinMap_UART_CTS
                0x000000000000ac2c       0x24 ./mbed/TARGET_LPC1768/TOOLCHAIN_GCC_ARM/libmbed.a(serial_api.o)
 .rodata._ZTVN4mbed11InterruptInE
                0x000000000000ac50       0x10 ./mbed/TARGET_LPC1768/TOOLCHAIN_GCC_ARM/libmbed.a(InterruptIn.o)
                0x000000000000ac50                vtable for mbed::InterruptIn
 .rodata.str1.4
                0x0000000000000000       0x80 ./mbed/TARGET_LPC1768/TOOLCHAIN_GCC_ARM/libmbed.a(InterruptIn.o)
 .rodata._ZTVN4mbed6SerialE
                0x000000000000ac60       0x5c ./mbed/TARGET_LPC1768/TOOLCHAIN_GCC_ARM/libmbed.a(Serial.o)
                0x000000000000ac60                vtable for mbed::Serial
 *fill*         0x000000000000acbc        0x4 
 .rodata._ZTVN4mbed10SerialBaseE
                0x000000000000acc0       0x10 ./mbed/TARGET_LPC1768/TOOLCHAIN_GCC_ARM/libmbed.a(SerialBase.o)
                0x000000000000acc0                vtable for mbed::SerialBase
 .rodata._ZTVN4mbed6StreamE
                0x000000000000acd0       0x44 ./mbed/TARGET_LPC1768/TOOLCHAIN_GCC_ARM/libmbed.a(Stream.o)
                0x000000000000acd0                vtable for mbed::Stream
 .rodata.str1.4
                0x000000000000ad14        0x3 ./mbed/TARGET_LPC1768/TOOLCHAIN_GCC_ARM/libmbed.a(Stream.o)
                                          0x7 (size before relaxing)
 *fill*         0x000000000000ad17        0x1 
 .rodata.str1.4
                0x000000000000ad18       0x31 ./mbed/TARGET_LPC1768/TOOLCHAIN_GCC_ARM/libmbed.a(assert.o)
 .rodata.str1.4
                0x0000000000000000       0x80 ./mbed/TARGET_LPC1768/TOOLCHAIN_GCC_ARM/libmbed.a(gpio.o)
 *fill*         0x000000000000ad49        0x3 
 .rodata.str1.4
                0x000000000000ad4c       0x66 ./mbed/TARGET_LPC1768/TOOLCHAIN_GCC_ARM/libmbed.a(pinmap_common.o)
 *fill*         0x000000000000adb2        0x2 
 .rodata.str1.4
                0x000000000000adb4       0x7a ./mbed/TARGET_LPC1768/TOOLCHAIN_GCC_ARM/libmbed.a(gpio_api.o)
                                         0x94 (size before relaxing)
 *fill*         0x000000000000ae2e        0x2 
 .rodata.str1.4
                0x000000000000ae30       0x64 ./mbed/TARGET_LPC1768/TOOLCHAIN_GCC_ARM/libmbed.a(pinmap.o)
                                         0x78 (size before relaxing)
 .rodata.PinMap_I2C_SDA
                0x000000000000ae94       0x3c ./mbed/TARGET_LPC1768/TOOLCHAIN_GCC_ARM/libmbed.a(i2c_api.o)
 .rodata.str1.4
                0x000000000000aed0       0x79 ./mbed/TARGET_LPC1768/TOOLCHAIN_GCC_ARM/libmbed.a(i2c_api.o)
 *fill*         0x000000000000af49        0x3 
 .rodata.PinMap_I2C_SCL
                0x000000000000af4c       0x3c ./mbed/TARGET_LPC1768/TOOLCHAIN_GCC_ARM/libmbed.a(i2c_api.o)
 .rodata._ZTVN4mbed8FileLikeE
                0x000000000000af88       0x3c ./mbed/TARGET_LPC1768/TOOLCHAIN_GCC_ARM/libmbed.a(FileLike.o)
                0x000000000000af88                vtable for mbed::FileLike
 *fill*         0x000000000000afc4        0x4 
 .rodata._ZTVN4mbed8FileBaseE
                0x000000000000afc8       0x10 ./mbed/TARGET_LPC1768/TOOLCHAIN_GCC_ARM/libmbed.a(FileBase.o)
                0x000000000000afc8                vtable for mbed::FileBase
 .rodata.us_interface
                0x000000000000afd8       0x14 ./mbed/TARGET_LPC1768/TOOLCHAIN_GCC_ARM/libmbed.a(us_ticker_api.o)
 .rodata.us_data
                0x000000000000afec        0x8 ./mbed/TARGET_LPC1768/TOOLCHAIN_GCC_ARM/libmbed.a(us_ticker_api.o)
 .rodata.str1.4
                0x000000000000aff4        0x4 /usr/bin/../lib/gcc/arm-none-eabi/4.9.3/../../../../arm-none-eabi/lib/armv7-m/libm.a(lib_a-w_pow.o)
 .rodata.dp_h   0x000000000000aff8       0x10 /usr/bin/../lib/gcc/arm-none-eabi/4.9.3/../../../../arm-none-eabi/lib/armv7-m/libm.a(lib_a-e_pow.o)
 .rodata.dp_l   0x000000000000b008       0x10 /usr/bin/../lib/gcc/arm-none-eabi/4.9.3/../../../../arm-none-eabi/lib/armv7-m/libm.a(lib_a-e_pow.o)
 .rodata.bp     0x000000000000b018       0x10 /usr/bin/../lib/gcc/arm-none-eabi/4.9.3/../../../../arm-none-eabi/lib/armv7-m/libm.a(lib_a-e_pow.o)
 .rodata.str1.4
                0x0000000000000000        0x4 /usr/bin/../lib/gcc/arm-none-eabi/4.9.3/../../../../arm-none-eabi/lib/armv7-m/libm.a(lib_a-e_pow.o)
                                          0x1 (size before relaxing)
 .rodata.TWO52  0x000000000000b028       0x10 /usr/bin/../lib/gcc/arm-none-eabi/4.9.3/../../../../arm-none-eabi/lib/armv7-m/libm.a(lib_a-s_rint.o)
 .rodata.__sf_fake_stdin
                0x000000000000b038       0x20 /usr/bin/../lib/gcc/arm-none-eabi/4.9.3/../../../../arm-none-eabi/lib/armv7-m/libc_nano.a(lib_a-findfp.o)
                0x000000000000b038                __sf_fake_stdin
 .rodata.__sf_fake_stdout
                0x000000000000b058       0x20 /usr/bin/../lib/gcc/arm-none-eabi/4.9.3/../../../../arm-none-eabi/lib/armv7-m/libc_nano.a(lib_a-findfp.o)
                0x000000000000b058                __sf_fake_stdout
 .rodata.__sf_fake_stderr
                0x000000000000b078       0x20 /usr/bin/../lib/gcc/arm-none-eabi/4.9.3/../../../../arm-none-eabi/lib/armv7-m/libc_nano.a(lib_a-findfp.o)
                0x000000000000b078                __sf_fake_stderr
 .rodata.str1.1
                0x0000000000000000       0x1f /usr/bin/../lib/gcc/arm-none-eabi/4.9.3/../../../../arm-none-eabi/lib/armv7-m/libc_nano.a(lib_a-impure.o)
                                          0x2 (size before relaxing)
 .rodata._global_impure_ptr
                0x000000000000b098        0x4 /usr/bin/../lib/gcc/arm-none-eabi/4.9.3/../../../../arm-none-eabi/lib/armv7-m/libc_nano.a(lib_a-impure.o)
                0x000000000000b098                _global_impure_ptr
 .rodata.str1.1
                0x000000000000b09c       0x11 /usr/bin/../lib/gcc/arm-none-eabi/4.9.3/../../../../arm-none-eabi/lib/armv7-m/libc_nano.a(lib_a-nano-vfprintf.o)
 .rodata.str1.1
                0x000000000000b0ad       0x10 /usr/bin/../lib/gcc/arm-none-eabi/4.9.3/../../../../arm-none-eabi/lib/armv7-m/libc_nano.a(lib_a-nano-vfprintf_float.o)
                                         0x12 (size before relaxing)
 .rodata.str1.1
                0x000000000000b0bd       0x22 /usr/bin/../lib/gcc/arm-none-eabi/4.9.3/../../../../arm-none-eabi/lib/armv7-m/libc_nano.a(lib_a-nano-vfprintf_i.o)
 .rodata.str1.1
                0x000000000000b0df        0x5 /usr/bin/../lib/gcc/arm-none-eabi/4.9.3/../../../../arm-none-eabi/lib/armv7-m/libc_nano.a(lib_a-nano-vfscanf_float.o)
 .rodata        0x000000000000b0e4        0xc /usr/bin/../lib/gcc/arm-none-eabi/4.9.3/../../../../arm-none-eabi/lib/armv7-m/libc_nano.a(lib_a-nano-vfscanf_i.o)
 .rodata.str1.1
                0x000000000000b0f0       0x1b /usr/bin/../lib/gcc/arm-none-eabi/4.9.3/../../../../arm-none-eabi/lib/armv7-m/libc_nano.a(lib_a-nano-vfscanf_i.o)
 .rodata.str1.1
                0x0000000000000000       0x1b /usr/bin/../lib/gcc/arm-none-eabi/4.9.3/../../../../arm-none-eabi/lib/armv7-m/libc_nano.a(lib_a-strtod.o)
                                          0xc (size before relaxing)
 *fill*         0x000000000000b10b        0x1 
 .rodata.fpinan.5315
                0x000000000000b10c       0x14 /usr/bin/../lib/gcc/arm-none-eabi/4.9.3/../../../../arm-none-eabi/lib/armv7-m/libc_nano.a(lib_a-strtod.o)
 .rodata.tinytens
                0x000000000000b120       0x28 /usr/bin/../lib/gcc/arm-none-eabi/4.9.3/../../../../arm-none-eabi/lib/armv7-m/libc_nano.a(lib_a-strtod.o)
 .rodata.fpi.5279
                0x000000000000b148       0x14 /usr/bin/../lib/gcc/arm-none-eabi/4.9.3/../../../../arm-none-eabi/lib/armv7-m/libc_nano.a(lib_a-strtod.o)
 .rodata._ctype_
                0x000000000000b15c      0x101 /usr/bin/../lib/gcc/arm-none-eabi/4.9.3/../../../../arm-none-eabi/lib/armv7-m/libc_nano.a(lib_a-ctype_.o)
                0x000000000000b15c                _ctype_
 .rodata.str1.1
                0x000000000000b25d        0xd /usr/bin/../lib/gcc/arm-none-eabi/4.9.3/../../../../arm-none-eabi/lib/armv7-m/libc_nano.a(lib_a-dtoa.o)
                                          0xf (size before relaxing)
 .rodata.str1.1
                0x000000000000b26a        0x8 /usr/bin/../lib/gcc/arm-none-eabi/4.9.3/../../../../arm-none-eabi/lib/armv7-m/libc_nano.a(lib_a-locale.o)
                                          0xb (size before relaxing)
 *fill*         0x000000000000b272        0x6 
 .rodata.__mprec_tens
                0x000000000000b278       0xc8 /usr/bin/../lib/gcc/arm-none-eabi/4.9.3/../../../../arm-none-eabi/lib/armv7-m/libc_nano.a(lib_a-mprec.o)
                0x000000000000b278                __mprec_tens
 .rodata.__mprec_bigtens
                0x000000000000b340       0x28 /usr/bin/../lib/gcc/arm-none-eabi/4.9.3/../../../../arm-none-eabi/lib/armv7-m/libc_nano.a(lib_a-mprec.o)
                0x000000000000b340                __mprec_bigtens
 .rodata.p05.5314
                0x000000000000b368        0xc /usr/bin/../lib/gcc/arm-none-eabi/4.9.3/../../../../arm-none-eabi/lib/armv7-m/libc_nano.a(lib_a-mprec.o)
 .rodata.str1.1